=== ISOBUS STATUS ===
Address claim: CLAIMED  address=0x81
Bus load (ch0): 14.3 %
--- Message counters ---
  PGN 129025 Position NMEA2000: 0
  PGN 129026 Speed NMEA2000:    0
  PGN 129283 XTE NMEA2000:      1
  PGN 65267  Position legacy:   3678
  PGN 65256  Speed legacy:      3677   last SA=0x80 raw=0x0
  PGN 65535  XTE JD legacy:     3678   last SA=0x80 word=0x15FF byte1=0x3
             full payload:     510302FF150B10FF  (92 ms ago)
  PGN 60160  XTE Trimble legacy:4   last SA=0x26
  PGN 64770  AISO stop:         368   last 377231 ms ago
  TOTAL:                        11406
--- Guidance telemetry ---
  XTE:          0.00 m
  Speed:        0.00 m/s (0.00 kn)
  Quality:      0   RTK quality=4  IsRtkQuality=N
  GGA fix age:  93 ms
  VTG fix age:  92 ms
  XTE fix age:  377231 ms
  Lat/Lon/Alt/Course: 53.424904 / 6.736782 / 0.0 m / 0.0 deg
--- Virtual Terminal ---
  Connected:    Y
  State:        21/22  Connected
  VT version:  4
  VT status msgs: 371   last 140 ms ago
  Partner: addr=0x26 valid=Y  reconnect attempts=0
--- Task Controller ---
  Connected:    Y
  TC-GEO (with/without pos): Y/N
  Task active:  Y
  DRP deviation (DDI 513): 0 mm, last 377232 ms ago
  GNSS quality (DDI 514):  0, last 377232 ms ago
  Value commands (any DDI): 0  last DDI=(none)
  Value requests (any DDI): 0
  Partner: addr=0xF7 valid=Y  reconnect attempts=0
  Tramline setpoint (DDI 506): (none yet -- no Tramline Control seen on this terminal)
=== ISOBUS DEBUG MENU ===
1. Full status dump
2. Periodic summary line (OFF - press to toggle)
3. Reset message counters
q. Exit
