Invalid choice.
=== ISOBUS DEBUG MENU ===
1. Full status dump
2. Periodic summary line (ON - press to toggle)
3. Reset message counters
q. Exit
=== ISOBUS STATUS ===
Address claim: CLAIMED  address=0x81
Bus load (ch0): 14.3 %
--- Message counters ---
  PGN 129025 Position NMEA2000: 0
  PGN 129026 Speed NMEA2000:    0
  PGN 129283 XTE NMEA2000:      1
  PGN 65267  Position legacy:   9617
  PGN 65256  Speed legacy:      9616   last SA=0x80 raw=0x0
  PGN 65535  XTE JD legacy:     9616   last SA=0x80 word=0xBFF byte1=0x3
             full payload:     510301FF0B0009FF  (50 ms ago)
  PGN 60160  XTE Trimble legacy:5   last SA=0x26
  PGN 64770  AISO stop:         962   last 971639 ms ago
  TOTAL:                        29817
--- Guidance telemetry ---
  XTE:          0.00 m
  Speed:        0.00 m/s (0.00 kn)
  Quality:      0   RTK quality=4  IsRtkQuality=N
  GGA fix age:  51 ms
  VTG fix age:  51 ms
  XTE fix age:  971639 ms
  Lat/Lon/Alt/Course: 0.000000 / 0.000000 / 0.0 m / 0.0 deg
--- Virtual Terminal ---
  Connected:    Y
  State:        21/22  Connected
  VT version:  4
  VT status msgs: 963   last 293 ms ago
  Partner: addr=0x26 valid=Y  reconnect attempts=0
--- Task Controller ---
  Connected:    Y
  TC-GEO (with/without pos): Y/N
  Task active:  Y
  DRP deviation (DDI 513): 0 mm, last 971639 ms ago
  GNSS quality (DDI 514):  0, last 971639 ms ago
  Value commands (any DDI): 0  last DDI=(none)
  Value requests (any DDI): 0
  Partner: addr=0xF7 valid=Y  reconnect attempts=0
  Tramline setpoint (DDI 506): (none yet -- no Tramline Control seen on this terminal)
=== ISOBUS DEBUG MENU ===
1. Full status dump
2. Periodic summary line (ON - press to toggle)
3. Reset message counters
q. Exit
VT: Auto pressed (not wired to control)
VT: Narrower pressed
VT: Wider pressed
I] [NM]: Control function with address 205 and NAME 000000000000000lx is now offline on channel 198344577.
I] [NM]: External control function with name 000000000000000lx has claimed address 198344577 on channel 2684363008.
VT: Auto pressed (not wired to control)
