12:24:26.709 xte=1.21 v=0.00 q=4 vt/tc=Y/Y recon=0/0 vtstat=72/680ms setval=3 meas=1 steerReady=no/not-ready tracks=(none yet)
12:24:27.954 xte=1.21 v=0.00 q=4 vt/tc=Y/Y recon=0/0 vtstat=73/897ms setval=3 meas=1 steerReady=no/not-ready tracks=(none yet)
12:24:29.030 xte=1.21 v=0.01 q=4 vt/tc=Y/Y recon=0/0 vtstat=74/953ms setval=3 meas=1 steerReady=no/not-ready tracks=(none yet)
12:24:30.074 xte=1.21 v=0.01 q=4 vt/tc=Y/Y recon=0/0 vtstat=76/24ms setval=3 meas=1 steerReady=no/not-ready tracks=(none yet)
12:24:31.098 xte=1.21 v=0.00 q=4 vt/tc=Y/Y recon=0/0 vtstat=77/64ms setval=3 meas=1 steerReady=no/not-ready tracks=(none yet)
12:24:32.114 xte=1.21 v=0.01 q=4 vt/tc=Y/Y recon=0/0 vtstat=78/95ms setval=3 meas=1 steerReady=no/not-ready tracks=(none yet)
12:24:33.133 xte=1.21 v=0.00 q=4 vt/tc=Y/Y recon=0/0 vtstat=79/104ms setval=3 meas=1 steerReady=no/not-ready tracks=(none yet)
12:24:34.146 xte=1.21 v=0.00 q=4 vt/tc=Y/Y recon=0/0 vtstat=80/124ms setval=3 meas=1 steerReady=no/not-ready tracks=(none yet)
12:24:35.187 xte=1.21 v=0.01 q=4 vt/tc=Y/Y recon=0/0 vtstat=81/139ms setval=3 meas=1 steerReady=no/not-ready tracks=(none yet)
12:24:36.221 xte=1.21 v=0.00 q=4 vt/tc=Y/Y recon=0/0 vtstat=82/180ms setval=3 meas=1 steerReady=no/not-ready tracks=(none yet)
12:24:37.238 xte=1.21 v=0.01 q=4 vt/tc=Y/Y recon=0/0 vtstat=83/211ms setval=3 meas=1 steerReady=no/not-ready tracks=(none yet)
12:24:38.272 xte=1.21 v=0.00 q=4 vt/tc=Y/Y recon=0/0 vtstat=84/229ms setval=3 meas=1 steerReady=no/not-ready tracks=(none yet)
12:24:39.359 xte=1.21 v=0.00 q=4 vt/tc=Y/Y recon=0/0 vtstat=85/262ms setval=3 meas=1 steerReady=no/not-ready tracks=(none yet)
12:24:40.400 xte=1.21 v=0.00 q=4 vt/tc=Y/Y recon=0/0 vtstat=86/348ms setval=3 meas=1 steerReady=no/not-ready tracks=(none yet)
12:24:41.413 xte=1.21 v=0.00 q=4 vt/tc=Y/Y recon=0/0 vtstat=87/388ms setval=3 meas=1 steerReady=no/not-ready tracks=(none yet)
12:24:42.440 xte=1.21 v=0.01 q=4 vt/tc=Y/Y recon=0/0 vtstat=88/416ms setval=3 meas=1 steerReady=no/not-ready tracks=(none yet)
12:24:43.461 xte=1.21 v=0.02 q=4 vt/tc=Y/Y recon=0/0 vtstat=89/427ms setval=3 meas=1 steerReady=no/not-ready tracks=(none yet)
12:24:44.479 xte=1.21 v=0.01 q=4 vt/tc=Y/Y recon=0/0 vtstat=90/448ms setval=3 meas=1 steerReady=no/not-ready tracks=(none yet)
12:24:45.511 xte=1.21 v=0.01 q=4 vt/tc=Y/Y recon=0/0 vtstat=91/477ms setval=3 meas=1 steerReady=no/not-ready tracks=(none yet)
12:24:46.520 xte=1.21 v=0.00 q=4 vt/tc=Y/Y recon=0/0 vtstat=92/499ms setval=3 meas=1 steerReady=no/not-ready tracks=(none yet)
12:24:47.541 xte=1.21 v=0.00 q=4 vt/tc=Y/Y recon=0/0 vtstat=93/508ms setval=3 meas=1 steerReady=no/not-ready tracks=(none yet)
12:24:48.568 xte=1.21 v=0.01 q=4 vt/tc=Y/Y recon=0/0 vtstat=94/528ms setval=3 meas=1 steerReady=no/not-ready tracks=(none yet)
12:24:49.615 xte=1.21 v=0.00 q=4 vt/tc=Y/Y recon=0/0 vtstat=95/558ms setval=3 meas=1 steerReady=no/not-ready tracks=(none yet)
12:24:50.620 xte=1.21 v=0.01 q=4 vt/tc=Y/Y recon=0/0 vtstat=96/605ms setval=3 meas=1 steerReady=no/not-ready tracks=(none yet)
12:24:51.646 xte=1.21 v=0.00 q=4 vt/tc=Y/Y recon=0/0 vtstat=97/609ms setval=3 meas=1 steerReady=no/not-ready tracks=(none yet)
12:24:52.683 xte=1.21 v=0.01 q=4 vt/tc=Y/Y recon=0/0 vtstat=98/634ms setval=3 meas=1 steerReady=no/not-ready tracks=(none yet)
12:24:53.743 xte=1.21 v=0.00 q=4 vt/tc=Y/Y recon=0/0 vtstat=99/669ms setval=3 meas=1 steerReady=no/not-ready tracks=(none yet)
12:24:54.799 xte=1.21 v=0.00 q=4 vt/tc=Y/Y recon=0/0 vtstat=100/729ms setval=3 meas=1 steerReady=no/not-ready tracks=(none yet)
12:24:55.831 xte=1.21 v=0.00 q=4 vt/tc=Y/Y recon=0/0 vtstat=101/787ms setval=3 meas=1 steerReady=no/not-ready tracks=(none yet)
12:24:56.871 xte=1.21 v=0.01 q=4 vt/tc=Y/Y recon=0/0 vtstat=102/817ms setval=3 meas=1 steerReady=no/not-ready tracks=(none yet)
12:24:57.876 xte=1.21 v=0.00 q=4 vt/tc=Y/Y recon=0/0 vtstat=103/858ms setval=3 meas=1 steerReady=no/not-ready tracks=(none yet)
12:24:58.926 xte=1.21 v=0.00 q=4 vt/tc=Y/Y recon=0/0 vtstat=104/874ms setval=3 meas=1 steerReady=no/not-ready tracks=(none yet)
12:24:59.948 xte=1.21 v=0.00 q=4 vt/tc=Y/Y recon=0/0 vtstat=105/913ms setval=3 meas=1 steerReady=no/not-ready tracks=(none yet)
12:25:00.960 xte=1.21 v=0.01 q=4 vt/tc=Y/Y recon=0/0 vtstat=106/935ms setval=3 meas=1 steerReady=no/not-ready tracks=(none yet)
12:25:01.993 xte=1.21 v=0.00 q=4 vt/tc=Y/Y recon=0/0 vtstat=107/948ms setval=3 meas=1 steerReady=no/not-ready tracks=(none yet)
12:25:03.043 xte=1.21 v=0.00 q=4 vt/tc=Y/Y recon=0/0 vtstat=108/980ms setval=3 meas=1 steerReady=no/not-ready tracks=(none yet)
12:25:04.066 xte=1.21 v=0.00 q=4 vt/tc=Y/Y recon=0/0 vtstat=110/32ms setval=3 meas=1 steerReady=no/not-ready tracks=(none yet)
12:25:05.091 xte=1.21 v=0.00 q=4 vt/tc=Y/Y recon=0/0 vtstat=111/58ms setval=3 meas=1 steerReady=no/not-ready tracks=(none yet)
12:25:06.151 xte=1.21 v=0.01 q=4 vt/tc=Y/Y recon=0/0 vtstat=112/76ms setval=3 meas=1 steerReady=no/not-ready tracks=(none yet)
12:25:07.194 xte=1.21 v=0.00 q=4 vt/tc=Y/Y recon=0/0 vtstat=113/141ms setval=3 meas=1 steerReady=no/not-ready tracks=(none yet)
12:25:08.207 xte=1.21 v=0.00 q=4 vt/tc=Y/Y recon=0/0 vtstat=114/181ms setval=3 meas=1 steerReady=no/not-ready tracks=(none yet)
12:25:09.259 xte=1.21 v=0.00 q=4 vt/tc=Y/Y recon=0/0 vtstat=115/195ms setval=3 meas=1 steerReady=no/not-ready tracks=(none yet)
12:25:10.301 xte=1.21 v=0.00 q=4 vt/tc=Y/Y recon=0/0 vtstat=116/249ms setval=3 meas=1 steerReady=no/not-ready tracks=(none yet)
12:25:11.314 xte=1.21 v=0.00 q=4 vt/tc=Y/Y recon=0/0 vtstat=117/287ms setval=3 meas=1 steerReady=no/not-ready tracks=(none yet)
12:25:12.337 xte=1.21 v=0.00 q=4 vt/tc=Y/Y recon=0/0 vtstat=118/301ms setval=3 meas=1 steerReady=no/not-ready tracks=(none yet)
12:25:13.378 xte=1.21 v=0.01 q=4 vt/tc=Y/Y recon=0/0 vtstat=119/323ms setval=3 meas=1 steerReady=no/not-ready tracks=(none yet)
12:25:14.399 xte=1.21 v=0.00 q=4 vt/tc=Y/Y recon=0/0 vtstat=120/364ms setval=3 meas=1 steerReady=no/not-ready tracks=(none yet)
12:25:15.458 xte=1.21 v=0.00 q=4 vt/tc=Y/Y recon=0/0 vtstat=121/385ms setval=3 meas=1 steerReady=no/not-ready tracks=(none yet)
12:25:16.472 xte=1.21 v=0.01 q=4 vt/tc=Y/Y recon=0/0 vtstat=122/448ms setval=3 meas=1 steerReady=no/not-ready tracks=(none yet)
12:25:17.495 xte=1.21 v=0.01 q=4 vt/tc=Y/Y recon=0/0 vtstat=123/458ms setval=3 meas=1 steerReady=no/not-ready tracks=(none yet)
12:25:18.511 xte=1.21 v=0.01 q=4 vt/tc=Y/Y recon=0/0 vtstat=124/485ms setval=3 meas=1 steerReady=no/not-ready tracks=(none yet)
12:25:19.577 xte=1.21 v=0.01 q=4 vt/tc=Y/Y recon=0/0 vtstat=125/500ms setval=3 meas=1 steerReady=no/not-ready tracks=(none yet)
12:25:20.615 xte=1.21 v=0.00 q=4 vt/tc=Y/Y recon=0/0 vtstat=126/564ms setval=3 meas=1 steerReady=no/not-ready tracks=(none yet)
12:25:21.657 xte=1.21 v=0.00 q=4 vt/tc=Y/Y recon=0/0 vtstat=127/604ms setval=3 meas=1 steerReady=no/not-ready tracks=(none yet)
12:25:22.705 xte=1.21 v=0.01 q=4 vt/tc=Y/Y recon=0/0 vtstat=128/645ms setval=3 meas=1 steerReady=no/not-ready tracks=(none yet)
12:25:23.744 xte=1.21 v=0.00 q=4 vt/tc=Y/Y recon=0/0 vtstat=129/691ms setval=3 meas=1 steerReady=no/not-ready tracks=(none yet)
12:25:24.760 xte=1.21 v=0.01 q=4 vt/tc=Y/Y recon=0/0 vtstat=130/736ms setval=3 meas=1 steerReady=no/not-ready tracks=(none yet)
12:25:25.806 xte=1.21 v=0.01 q=4 vt/tc=Y/Y recon=0/0 vtstat=131/750ms setval=3 meas=1 steerReady=no/not-ready tracks=(none yet)
12:25:26.841 xte=1.21 v=0.00 q=4 vt/tc=Y/Y recon=0/0 vtstat=132/792ms setval=3 meas=1 steerReady=no/not-ready tracks=(none yet)
12:25:27.890 xte=1.21 v=0.00 q=4 vt/tc=Y/Y recon=0/0 vtstat=133/827ms setval=3 meas=1 steerReady=no/not-ready tracks=(none yet)
12:25:28.916 xte=1.21 v=0.00 q=4 vt/tc=Y/Y recon=0/0 vtstat=134/876ms setval=3 meas=1 steerReady=no/not-ready tracks=(none yet)
12:25:29.972 xte=1.21 v=0.01 q=4 vt/tc=Y/Y recon=0/0 vtstat=135/927ms setval=3 meas=1 steerReady=no/not-ready tracks=(none yet)
12:25:31.002 xte=1.21 v=0.00 q=4 vt/tc=Y/Y recon=0/0 vtstat=136/960ms setval=3 meas=1 steerReady=no/not-ready tracks=(none yet)
12:25:32.075 xte=1.21 v=0.00 q=4 vt/tc=Y/Y recon=0/0 vtstat=137/994ms setval=3 meas=1 steerReady=no/not-ready tracks=(none yet)
12:25:33.081 xte=1.21 v=0.00 q=4 vt/tc=Y/Y recon=0/0 vtstat=139/60ms setval=3 meas=1 steerReady=no/not-ready tracks=(none yet)
12:25:34.155 xte=1.21 v=0.00 q=4 vt/tc=Y/Y recon=0/0 vtstat=140/66ms setval=3 meas=1 steerReady=no/not-ready tracks=(none yet)
12:25:35.206 xte=1.21 v=0.00 q=4 vt/tc=Y/Y recon=0/0 vtstat=141/140ms setval=3 meas=1 steerReady=no/not-ready tracks=(none yet)
12:25:36.254 xte=1.21 v=0.00 q=4 vt/tc=Y/Y recon=0/0 vtstat=142/195ms setval=3 meas=1 steerReady=no/not-ready tracks=(none yet)
12:25:37.287 xte=1.21 v=0.00 q=4 vt/tc=Y/Y recon=0/0 vtstat=143/242ms setval=3 meas=1 steerReady=no/not-ready tracks=(none yet)
12:25:38.324 xte=1.21 v=0.00 q=4 vt/tc=Y/Y recon=0/0 vtstat=143/1272ms setval=3 meas=1 steerReady=no/not-ready tracks=(none yet)
12:25:39.339 xte=1.21 v=0.00 q=4 vt/tc=Y/Y recon=0/0 vtstat=143/2310ms setval=3 meas=1 steerReady=no/not-ready tracks=(none yet)
12:25:40.362 xte=1.21 v=0.00 q=4 vt/tc=N/Y recon=0/0 vtstat=143/3326ms setval=3 meas=1 steerReady=no/not-ready tracks=(none yet)
12:25:41.403 xte=1.21 v=0.00 q=4 vt/tc=Y/Y recon=0/0 vtstat=144/362ms setval=3 meas=1 steerReady=no/not-ready tracks=(none yet)
12:25:42.437 xte=1.21 v=0.01 q=4 vt/tc=Y/N recon=0/0 vtstat=145/389ms setval=3 meas=1 steerReady=no/not-ready tracks=(not connected)
12:25:43.468 xte=1.21 v=0.01 q=4 vt/tc=Y/N recon=0/0 vtstat=146/426ms setval=3 meas=1 steerReady=no/not-ready tracks=(not connected)
12:25:44.484 xte=1.21 v=0.00 q=4 vt/tc=Y/N recon=0/0 vtstat=147/458ms setval=3 meas=1 steerReady=no/not-ready tracks=(not connected)
12:25:45.525 xte=1.21 v=0.01 q=4 vt/tc=Y/N recon=0/0 vtstat=148/469ms setval=3 meas=1 steerReady=no/not-ready tracks=(not connected)
12:25:46.535 xte=1.21 v=0.01 q=4 vt/tc=Y/N recon=0/0 vtstat=149/509ms setval=3 meas=1 steerReady=no/not-ready tracks=(not connected)
12:25:47.603 xte=1.21 v=0.00 q=4 vt/tc=Y/N recon=0/0 vtstat=150/521ms setval=3 meas=1 steerReady=no/not-ready tracks=(not connected)
12:25:48.628 xte=1.21 v=0.01 q=4 vt/tc=Y/N recon=0/0 vtstat=151/588ms setval=3 meas=1 steerReady=no/not-ready tracks=(not connected)
12:25:49.675 xte=1.21 v=0.00 q=4 vt/tc=Y/N recon=0/0 vtstat=152/616ms setval=3 meas=1 steerReady=no/not-ready tracks=(not connected)
12:25:50.735 xte=1.21 v=0.00 q=4 vt/tc=Y/N recon=0/0 vtstat=153/670ms setval=3 meas=1 steerReady=no/not-ready tracks=(not connected)
12:25:51.767 xte=1.21 v=0.00 q=4 vt/tc=Y/N recon=0/0 vtstat=154/722ms setval=3 meas=1 steerReady=no/not-ready tracks=(not connected)
12:25:52.835 xte=1.21 v=0.01 q=4 vt/tc=Y/N recon=0/0 vtstat=155/757ms setval=3 meas=1 steerReady=no/not-ready tracks=(not connected)
12:25:53.895 xte=1.21 v=0.00 q=4 vt/tc=Y/N recon=0/0 vtstat=156/819ms setval=3 meas=1 steerReady=no/not-ready tracks=(not connected)
12:25:54.967 xte=1.21 v=0.00 q=4 vt/tc=Y/Y recon=0/0 vtstat=157/883ms setval=3 meas=1 steerReady=no/not-ready tracks=(none yet)
12:25:56.030 xte=1.21 v=0.00 q=4 vt/tc=Y/Y recon=0/0 vtstat=158/952ms setval=6 meas=2 steerReady=no/not-ready tracks=(none yet)
12:25:57.043 xte=1.21 v=0.01 q=4 vt/tc=Y/Y recon=0/0 vtstat=160/17ms setval=6 meas=2 steerReady=no/not-ready tracks=(none yet)
12:25:58.076 xte=1.21 v=0.00 q=4 vt/tc=Y/Y recon=0/0 vtstat=161/31ms setval=6 meas=2 steerReady=no/not-ready tracks=(none yet)
12:25:59.112 xte=1.21 v=0.00 q=4 vt/tc=Y/Y recon=0/0 vtstat=162/68ms setval=6 meas=2 steerReady=no/not-ready tracks=(none yet)
12:26:00.144 xte=1.21 v=0.00 q=4 vt/tc=Y/Y recon=0/0 vtstat=163/98ms setval=6 meas=2 steerReady=no/not-ready tracks=(none yet)
12:26:01.155 xte=1.21 v=0.01 q=4 vt/tc=Y/Y recon=0/0 vtstat=164/130ms setval=6 meas=2 steerReady=no/not-ready tracks=(none yet)
12:26:02.187 xte=1.21 v=0.01 q=4 vt/tc=Y/Y recon=0/0 vtstat=165/141ms setval=6 meas=2 steerReady=no/not-ready tracks=(none yet)
12:26:03.236 xte=1.21 v=0.00 q=4 vt/tc=Y/Y recon=0/0 vtstat=166/177ms setval=6 meas=2 steerReady=no/not-ready tracks=(none yet)
12:26:04.252 xte=1.21 v=0.01 q=4 vt/tc=Y/Y recon=0/0 vtstat=167/224ms setval=6 meas=2 steerReady=no/not-ready tracks=(none yet)
12:26:05.296 xte=1.21 v=0.00 q=4 vt/tc=Y/Y recon=0/0 vtstat=168/238ms setval=6 meas=2 steerReady=no/not-ready tracks=(none yet)
12:26:06.348 xte=1.21 v=0.00 q=4 vt/tc=Y/Y recon=0/0 vtstat=169/282ms setval=6 meas=2 steerReady=no/not-ready tracks=(none yet)
12:26:07.371 xte=1.21 v=0.01 q=4 vt/tc=Y/Y recon=0/0 vtstat=170/336ms setval=6 meas=2 steerReady=no/not-ready tracks=(none yet)
12:26:08.407 xte=1.21 v=0.01 q=4 vt/tc=Y/Y recon=0/0 vtstat=171/357ms setval=6 meas=2 steerReady=no/not-ready tracks=(none yet)
12:26:09.467 xte=1.21 v=0.00 q=4 vt/tc=Y/Y recon=0/0 vtstat=172/395ms setval=6 meas=2 steerReady=no/not-ready tracks=(none yet)
12:26:10.537 xte=1.21 v=0.01 q=4 vt/tc=Y/Y recon=0/0 vtstat=173/453ms setval=6 meas=2 steerReady=no/not-ready tracks=(none yet)
12:26:11.571 xte=1.21 v=0.00 q=4 vt/tc=Y/Y recon=0/0 vtstat=174/524ms setval=6 meas=2 steerReady=no/not-ready tracks=(none yet)
12:26:12.630 xte=1.21 v=0.00 q=4 vt/tc=Y/Y recon=0/0 vtstat=175/556ms setval=6 meas=2 steerReady=no/not-ready tracks=(none yet)
12:26:13.673 xte=1.21 v=0.00 q=4 vt/tc=Y/Y recon=0/0 vtstat=176/617ms setval=6 meas=2 steerReady=no/not-ready tracks=(none yet)
12:26:14.693 xte=1.21 v=0.00 q=4 vt/tc=Y/Y recon=0/0 vtstat=177/658ms setval=6 meas=2 steerReady=no/not-ready tracks=(none yet)
12:26:15.715 xte=1.21 v=0.01 q=4 vt/tc=Y/Y recon=0/0 vtstat=178/677ms setval=6 meas=2 steerReady=no/not-ready tracks=(none yet)
12:26:16.775 xte=1.21 v=0.00 q=4 vt/tc=Y/Y recon=0/0 vtstat=179/726ms setval=6 meas=2 steerReady=no/not-ready tracks=(none yet)
12:26:17.833 xte=1.21 v=0.01 q=4 vt/tc=Y/Y recon=0/0 vtstat=180/760ms setval=6 meas=2 steerReady=no/not-ready tracks=(none yet)
12:26:18.847 xte=1.21 v=0.00 q=4 vt/tc=Y/Y recon=0/0 vtstat=181/823ms setval=6 meas=2 steerReady=no/not-ready tracks=(none yet)
12:26:19.883 xte=1.21 v=0.00 q=4 vt/tc=Y/Y recon=0/0 vtstat=182/835ms setval=6 meas=2 steerReady=no/not-ready tracks=(none yet)
12:26:20.906 xte=1.21 v=0.00 q=4 vt/tc=Y/Y recon=0/0 vtstat=183/867ms setval=6 meas=2 steerReady=no/not-ready tracks=(none yet)
12:26:21.971 xte=1.21 v=0.00 q=4 vt/tc=Y/Y recon=0/0 vtstat=184/894ms setval=6 meas=2 steerReady=no/not-ready tracks=(none yet)
12:26:23.008 xte=1.21 v=0.00 q=4 vt/tc=Y/Y recon=0/0 vtstat=185/963ms setval=6 meas=2 steerReady=no/not-ready tracks=(none yet)
12:26:24.055 xte=1.21 v=0.01 q=4 vt/tc=Y/Y recon=0/0 vtstat=186/998ms setval=6 meas=2 steerReady=no/not-ready tracks=(none yet)
12:26:25.100 xte=1.21 v=0.01 q=4 vt/tc=Y/Y recon=0/0 vtstat=188/46ms setval=6 meas=2 steerReady=no/not-ready tracks=(none yet)
12:26:26.142 xte=1.21 v=0.00 q=4 vt/tc=Y/Y recon=0/0 vtstat=189/90ms setval=6 meas=2 steerReady=no/not-ready tracks=(none yet)
12:26:27.194 xte=1.21 v=0.01 q=4 vt/tc=Y/Y recon=0/0 vtstat=190/125ms setval=6 meas=2 steerReady=no/not-ready tracks=(none yet)
12:26:28.206 xte=1.21 v=0.01 q=4 vt/tc=Y/Y recon=0/0 vtstat=191/181ms setval=6 meas=2 steerReady=no/not-ready tracks=(none yet)
12:26:29.224 xte=1.21 v=0.00 q=4 vt/tc=Y/Y recon=0/0 vtstat=192/193ms setval=6 meas=2 steerReady=no/not-ready tracks=(none yet)
12:26:30.297 xte=1.21 v=0.01 q=4 vt/tc=Y/Y recon=0/0 vtstat=193/232ms setval=6 meas=2 steerReady=no/not-ready tracks=(none yet)
12:26:31.365 xte=1.21 v=0.01 q=4 vt/tc=Y/Y recon=0/0 vtstat=194/282ms setval=6 meas=2 steerReady=no/not-ready tracks=(none yet)
12:26:32.427 xte=1.21 v=0.01 q=4 vt/tc=Y/Y recon=0/0 vtstat=195/349ms setval=6 meas=2 steerReady=no/not-ready tracks=(none yet)
12:26:33.486 xte=1.21 v=0.00 q=4 vt/tc=Y/Y recon=0/0 vtstat=196/413ms setval=6 meas=2 steerReady=no/not-ready tracks=(none yet)
12:26:34.508 xte=1.21 v=0.00 q=4 vt/tc=Y/Y recon=0/0 vtstat=197/473ms setval=6 meas=2 steerReady=no/not-ready tracks=(none yet)
12:26:35.537 xte=1.21 v=0.01 q=4 vt/tc=Y/Y recon=0/0 vtstat=198/492ms setval=6 meas=2 steerReady=no/not-ready tracks=(none yet)
12:26:36.584 xte=1.21 v=0.00 q=4 vt/tc=Y/Y recon=0/0 vtstat=199/521ms setval=6 meas=2 steerReady=no/not-ready tracks=(none yet)
12:26:37.664 xte=1.21 v=0.01 q=4 vt/tc=Y/Y recon=0/0 vtstat=200/568ms setval=6 meas=2 steerReady=no/not-ready tracks=(none yet)
12:26:38.709 xte=1.21 v=0.00 q=4 vt/tc=Y/Y recon=0/0 vtstat=201/665ms setval=6 meas=2 steerReady=no/not-ready tracks=(none yet)
12:26:39.742 xte=1.21 v=0.00 q=4 vt/tc=Y/Y recon=0/0 vtstat=202/695ms setval=6 meas=2 steerReady=no/not-ready tracks=(none yet)
12:26:40.760 xte=1.21 v=0.01 q=4 vt/tc=Y/Y recon=0/0 vtstat=203/726ms setval=6 meas=2 steerReady=no/not-ready tracks=(none yet)
12:26:41.771 xte=1.21 v=0.01 q=4 vt/tc=Y/Y recon=0/0 vtstat=204/745ms setval=6 meas=2 steerReady=no/not-ready tracks=(none yet)
12:26:42.814 xte=1.21 v=0.00 q=4 vt/tc=Y/Y recon=0/0 vtstat=205/757ms setval=6 meas=2 steerReady=no/not-ready tracks=(none yet)
12:26:43.889 xte=1.21 v=0.00 q=4 vt/tc=Y/Y recon=0/0 vtstat=206/805ms setval=6 meas=2 steerReady=no/not-ready tracks=(none yet)
12:26:44.929 xte=1.21 v=0.00 q=4 vt/tc=Y/Y recon=0/0 vtstat=207/874ms setval=6 meas=2 steerReady=no/not-ready tracks=(none yet)
12:26:45.955 xte=1.21 v=0.00 q=4 vt/tc=Y/Y recon=0/0 vtstat=208/911ms setval=6 meas=2 steerReady=no/not-ready tracks=(none yet)
12:26:46.984 xte=1.21 v=0.01 q=4 vt/tc=Y/Y recon=0/0 vtstat=209/941ms setval=6 meas=2 steerReady=no/not-ready tracks=(none yet)
12:26:48.051 xte=1.21 v=0.01 q=4 vt/tc=Y/Y recon=0/0 vtstat=210/967ms setval=6 meas=2 steerReady=no/not-ready tracks=(none yet)
12:26:49.061 xte=1.21 v=0.01 q=4 vt/tc=Y/Y recon=0/0 vtstat=212/34ms setval=6 meas=2 steerReady=no/not-ready tracks=(none yet)
12:26:50.114 xte=1.21 v=0.00 q=4 vt/tc=Y/Y recon=0/0 vtstat=213/44ms setval=6 meas=2 steerReady=no/not-ready tracks=(none yet)
12:26:51.184 xte=1.21 v=0.00 q=4 vt/tc=Y/Y recon=0/0 vtstat=214/100ms setval=6 meas=2 steerReady=no/not-ready tracks=(none yet)
12:26:52.228 xte=1.21 v=0.00 q=4 vt/tc=Y/Y recon=0/0 vtstat=215/182ms setval=6 meas=2 steerReady=no/not-ready tracks=(none yet)
12:26:53.246 xte=1.21 v=0.01 q=4 vt/tc=Y/Y recon=0/0 vtstat=216/213ms setval=6 meas=2 steerReady=no/not-ready tracks=(none yet)
12:26:54.295 xte=1.21 v=0.01 q=4 vt/tc=Y/Y recon=0/0 vtstat=217/231ms setval=6 meas=2 steerReady=no/not-ready tracks=(none yet)
12:26:55.327 xte=1.21 v=0.00 q=4 vt/tc=Y/Y recon=0/0 vtstat=218/279ms setval=6 meas=2 steerReady=no/not-ready tracks=(none yet)
12:26:56.347 xte=1.21 v=0.00 q=4 vt/tc=Y/Y recon=0/0 vtstat=219/311ms setval=6 meas=2 steerReady=no/not-ready tracks=(none yet)
12:26:57.379 xte=1.21 v=0.00 q=4 vt/tc=Y/Y recon=0/0 vtstat=220/332ms setval=6 meas=2 steerReady=no/not-ready tracks=(none yet)
12:26:58.422 xte=1.21 v=0.00 q=4 vt/tc=Y/Y recon=0/0 vtstat=221/368ms setval=6 meas=2 steerReady=no/not-ready tracks=(none yet)
12:26:59.483 xte=1.21 v=0.00 q=4 vt/tc=Y/Y recon=0/0 vtstat=222/408ms setval=6 meas=2 steerReady=no/not-ready tracks=(none yet)
12:27:00.538 xte=1.21 v=0.02 q=4 vt/tc=Y/Y recon=0/0 vtstat=223/468ms setval=6 meas=2 steerReady=no/not-ready tracks=(none yet)
12:27:01.565 xte=1.21 v=0.00 q=4 vt/tc=Y/Y recon=0/0 vtstat=224/527ms setval=6 meas=2 steerReady=no/not-ready tracks=(none yet)
12:27:02.620 xte=1.21 v=0.01 q=4 vt/tc=Y/Y recon=0/0 vtstat=225/547ms setval=6 meas=2 steerReady=no/not-ready tracks=(none yet)
12:27:03.679 xte=1.21 v=0.00 q=4 vt/tc=Y/Y recon=0/0 vtstat=226/602ms setval=6 meas=2 steerReady=no/not-ready tracks=(none yet)
12:27:04.699 xte=1.21 v=0.00 q=4 vt/tc=Y/Y recon=0/0 vtstat=227/662ms setval=6 meas=2 steerReady=no/not-ready tracks=(none yet)
12:27:05.725 xte=1.21 v=0.01 q=4 vt/tc=Y/Y recon=0/0 vtstat=228/682ms setval=6 meas=2 steerReady=no/not-ready tracks=(none yet)
12:27:06.760 xte=1.21 v=0.01 q=4 vt/tc=Y/Y recon=0/0 vtstat=229/709ms setval=6 meas=2 steerReady=no/not-ready tracks=(none yet)
12:27:07.784 xte=1.21 v=0.01 q=4 vt/tc=Y/Y recon=0/0 vtstat=230/744ms setval=6 meas=2 steerReady=no/not-ready tracks=(none yet)
12:27:08.808 xte=1.21 v=0.00 q=4 vt/tc=Y/Y recon=0/0 vtstat=231/766ms setval=6 meas=2 steerReady=no/not-ready tracks=(none yet)
12:27:09.862 xte=1.21 v=0.00 q=4 vt/tc=Y/Y recon=0/0 vtstat=232/791ms setval=6 meas=2 steerReady=no/not-ready tracks=(none yet)
12:27:10.891 xte=1.21 v=0.00 q=4 vt/tc=Y/Y recon=0/0 vtstat=233/843ms setval=6 meas=2 steerReady=no/not-ready tracks=(none yet)
12:27:11.940 xte=1.21 v=0.01 q=4 vt/tc=Y/Y recon=0/0 vtstat=234/875ms setval=6 meas=2 steerReady=no/not-ready tracks=(none yet)
12:27:12.998 xte=1.21 v=0.00 q=4 vt/tc=Y/Y recon=0/0 vtstat=235/927ms setval=6 meas=2 steerReady=no/not-ready tracks=(none yet)
12:27:14.027 xte=1.21 v=0.00 q=4 vt/tc=Y/Y recon=0/0 vtstat=236/982ms setval=6 meas=2 steerReady=no/not-ready tracks=(none yet)
12:27:15.035 xte=1.21 v=0.01 q=4 vt/tc=Y/Y recon=0/0 vtstat=238/9ms setval=6 meas=2 steerReady=no/not-ready tracks=(none yet)
12:27:16.046 xte=1.21 v=0.00 q=4 vt/tc=Y/Y recon=0/0 vtstat=239/19ms setval=6 meas=2 steerReady=no/not-ready tracks=(none yet)
12:27:17.073 xte=1.21 v=0.00 q=4 vt/tc=Y/Y recon=0/0 vtstat=240/28ms setval=6 meas=2 steerReady=no/not-ready tracks=(none yet)
12:27:18.130 xte=1.21 v=0.00 q=4 vt/tc=Y/Y recon=0/0 vtstat=241/58ms setval=6 meas=2 steerReady=no/not-ready tracks=(none yet)
12:27:19.138 xte=1.21 v=0.01 q=4 vt/tc=Y/Y recon=0/0 vtstat=242/114ms setval=6 meas=2 steerReady=no/not-ready tracks=(none yet)
12:27:20.177 xte=1.21 v=0.01 q=4 vt/tc=Y/Y recon=0/0 vtstat=243/124ms setval=6 meas=2 steerReady=no/not-ready tracks=(none yet)
12:27:21.211 xte=1.21 v=0.01 q=4 vt/tc=Y/Y recon=0/0 vtstat=244/164ms setval=6 meas=2 steerReady=no/not-ready tracks=(none yet)
12:27:22.262 xte=1.21 v=0.01 q=4 vt/tc=Y/Y recon=0/0 vtstat=245/220ms setval=6 meas=2 steerReady=no/not-ready tracks=(none yet)
12:27:23.291 xte=1.21 v=0.00 q=4 vt/tc=Y/Y recon=0/0 vtstat=246/246ms setval=6 meas=2 steerReady=no/not-ready tracks=(none yet)
12:27:24.322 xte=1.21 v=0.00 q=4 vt/tc=Y/Y recon=0/0 vtstat=247/277ms setval=6 meas=2 steerReady=no/not-ready tracks=(none yet)
12:27:25.352 xte=1.21 v=0.01 q=4 vt/tc=Y/Y recon=0/0 vtstat=248/307ms setval=6 meas=2 steerReady=no/not-ready tracks=(none yet)
12:27:26.364 xte=1.21 v=0.00 q=4 vt/tc=Y/Y recon=0/0 vtstat=249/332ms setval=6 meas=2 steerReady=no/not-ready tracks=(none yet)
12:27:27.398 xte=1.21 v=0.01 q=4 vt/tc=Y/Y recon=0/0 vtstat=250/353ms setval=6 meas=2 steerReady=no/not-ready tracks=(none yet)
12:27:28.446 xte=1.21 v=0.01 q=4 vt/tc=Y/Y recon=0/0 vtstat=251/380ms setval=6 meas=2 steerReady=no/not-ready tracks=(none yet)
12:27:29.460 xte=1.21 v=0.01 q=4 vt/tc=Y/Y recon=0/0 vtstat=252/428ms setval=6 meas=2 steerReady=no/not-ready tracks=(none yet)
12:27:30.492 xte=1.21 v=0.00 q=4 vt/tc=Y/Y recon=0/0 vtstat=253/442ms setval=6 meas=2 steerReady=no/not-ready tracks=(none yet)
12:27:31.503 xte=1.21 v=0.01 q=4 vt/tc=Y/Y recon=0/0 vtstat=254/476ms setval=6 meas=2 steerReady=no/not-ready tracks=(none yet)
12:27:32.546 xte=1.21 v=0.00 q=4 vt/tc=Y/Y recon=0/0 vtstat=255/487ms setval=6 meas=2 steerReady=no/not-ready tracks=(none yet)
12:27:33.596 xte=1.21 v=0.00 q=4 vt/tc=Y/Y recon=0/0 vtstat=256/529ms setval=6 meas=2 steerReady=no/not-ready tracks=(none yet)
12:27:34.609 xte=1.21 v=0.00 q=4 vt/tc=Y/Y recon=0/0 vtstat=257/581ms setval=6 meas=2 steerReady=no/not-ready tracks=(none yet)
12:27:35.625 xte=1.21 v=0.00 q=4 vt/tc=Y/Y recon=0/0 vtstat=258/591ms setval=6 meas=2 steerReady=no/not-ready tracks=(none yet)
12:27:36.677 xte=1.21 v=0.01 q=4 vt/tc=Y/Y recon=0/0 vtstat=259/611ms setval=6 meas=2 steerReady=no/not-ready tracks=(none yet)
12:27:37.694 xte=1.21 v=0.01 q=4 vt/tc=Y/Y recon=0/0 vtstat=260/666ms setval=6 meas=2 steerReady=no/not-ready tracks=(none yet)
12:27:38.754 xte=1.21 v=0.00 q=4 vt/tc=Y/Y recon=0/0 vtstat=261/679ms setval=6 meas=2 steerReady=no/not-ready tracks=(none yet)
12:27:39.778 xte=1.21 v=0.00 q=4 vt/tc=Y/Y recon=0/0 vtstat=261/1736ms setval=6 meas=2 steerReady=no/not-ready tracks=(none yet)
12:27:40.837 xte=1.21 v=0.00 q=4 vt/tc=Y/Y recon=0/0 vtstat=261/2761ms setval=6 meas=2 steerReady=no/not-ready tracks=(none yet)
12:27:41.849 xte=1.21 v=0.00 q=4 vt/tc=N/Y recon=0/0 vtstat=261/3821ms setval=6 meas=2 steerReady=no/not-ready tracks=(none yet)
12:27:42.856 xte=1.21 v=0.00 q=4 vt/tc=N/Y recon=0/0 vtstat=261/4831ms setval=6 meas=2 steerReady=no/not-ready tracks=(none yet)
12:27:43.903 xte=1.21 v=0.00 q=4 vt/tc=N/Y recon=0/0 vtstat=261/5840ms setval=6 meas=2 steerReady=no/not-ready tracks=(none yet)
12:27:44.927 xte=1.21 v=0.00 q=4 vt/tc=N/N recon=0/0 vtstat=261/6883ms setval=6 meas=2 steerReady=no/not-ready tracks=(not connected)
12:27:45.988 xte=1.21 v=0.00 q=4 vt/tc=N/N recon=0/0 vtstat=261/7908ms setval=6 meas=2 steerReady=no/not-ready tracks=(not connected)
12:27:47.005 xte=1.21 v=0.00 q=4 vt/tc=N/N recon=0/0 vtstat=261/8970ms setval=6 meas=2 steerReady=no/not-ready tracks=(not connected)
12:27:48.069 xte=1.21 v=0.00 q=4 vt/tc=N/N recon=0/0 vtstat=261/9990ms setval=6 meas=2 steerReady=no/not-ready tracks=(not connected)
12:27:49.089 xte=1.21 v=0.00 q=4 vt/tc=N/N recon=0/0 vtstat=261/11050ms setval=6 meas=2 steerReady=no/not-ready tracks=(not connected)
12:27:50.149 xte=1.21 v=0.00 q=4 vt/tc=N/N recon=0/0 vtstat=261/12080ms setval=6 meas=2 steerReady=no/not-ready tracks=(not connected)
12:27:51.188 xte=1.21 v=0.00 q=4 vt/tc=N/N recon=1/0 vtstat=261/13131ms setval=6 meas=2 steerReady=no/not-ready tracks=(not connected)
12:27:52.237 xte=1.21 v=0.00 q=4 vt/tc=N/N recon=1/0 vtstat=261/14201ms setval=6 meas=2 steerReady=no/not-ready tracks=(not connected)
12:27:53.310 xte=1.21 v=0.00 q=4 vt/tc=N/N recon=1/0 vtstat=261/15221ms setval=6 meas=2 steerReady=no/not-ready tracks=(not connected)
12:27:54.323 xte=1.21 v=0.00 q=4 vt/tc=N/N recon=1/0 vtstat=261/16290ms setval=6 meas=2 steerReady=no/not-ready tracks=(not connected)
12:27:55.364 xte=1.21 v=0.00 q=4 vt/tc=N/N recon=1/0 vtstat=261/17307ms setval=6 meas=2 steerReady=no/not-ready tracks=(not connected)
12:27:56.427 xte=1.21 v=0.00 q=4 vt/tc=N/N recon=1/0 vtstat=261/18347ms setval=6 meas=2 steerReady=no/not-ready tracks=(not connected)
12:27:57.445 xte=1.21 v=0.00 q=4 vt/tc=N/N recon=1/0 vtstat=261/19411ms setval=6 meas=2 steerReady=no/not-ready tracks=(not connected)
12:27:58.460 xte=1.21 v=0.00 q=4 vt/tc=N/N recon=1/0 vtstat=261/20427ms setval=6 meas=2 steerReady=no/not-ready tracks=(not connected)
12:27:59.482 xte=1.21 v=0.00 q=4 vt/tc=N/N recon=1/1 vtstat=261/21441ms setval=6 meas=2 steerReady=no/not-ready tracks=(not connected)
12:28:00.512 xte=1.21 v=0.00 q=4 vt/tc=N/N recon=1/1 vtstat=261/22466ms setval=6 meas=2 steerReady=no/not-ready tracks=(not connected)
12:28:01.536 xte=-1.04 v=0.00 q=4 vt/tc=N/N recon=2/1 vtstat=261/23494ms setval=6 meas=2 steerReady=no/not-ready tracks=(not connected)
12:28:02.560 xte=-1.04 v=0.01 q=4 vt/tc=Y/N recon=2/1 vtstat=262/516ms setval=6 meas=2 steerReady=no/not-ready tracks=(not connected)
12:28:03.569 xte=-1.04 v=0.00 q=4 vt/tc=Y/N recon=2/1 vtstat=263/541ms setval=6 meas=2 steerReady=no/not-ready tracks=(not connected)
12:28:04.587 xte=-1.04 v=0.01 q=4 vt/tc=Y/N recon=2/1 vtstat=264/552ms setval=6 meas=2 steerReady=no/not-ready tracks=(not connected)
12:28:05.606 xte=-1.04 v=0.01 q=4 vt/tc=Y/N recon=2/1 vtstat=265/569ms setval=6 meas=2 steerReady=no/not-ready tracks=(not connected)
12:28:06.654 xte=-1.04 v=0.00 q=4 vt/tc=Y/N recon=2/1 vtstat=266/589ms setval=6 meas=2 steerReady=no/not-ready tracks=(not connected)
12:28:07.682 xte=-1.04 v=0.01 q=4 vt/tc=Y/N recon=2/1 vtstat=267/638ms setval=6 meas=2 steerReady=no/not-ready tracks=(not connected)
12:28:08.697 xte=-1.04 v=0.00 q=4 vt/tc=Y/N recon=2/1 vtstat=268/663ms setval=6 meas=2 steerReady=no/not-ready tracks=(not connected)
12:28:09.762 xte=-1.04 v=0.01 q=4 vt/tc=Y/N recon=2/1 vtstat=269/679ms setval=6 meas=2 steerReady=no/not-ready tracks=(not connected)
12:28:10.828 xte=-1.04 v=0.01 q=4 vt/tc=Y/N recon=2/1 vtstat=270/743ms setval=6 meas=2 steerReady=no/not-ready tracks=(not connected)
12:28:11.904 xte=-1.04 v=0.01 q=4 vt/tc=Y/N recon=2/1 vtstat=271/812ms setval=6 meas=2 steerReady=no/not-ready tracks=(not connected)
12:28:12.960 xte=-1.04 v=0.01 q=4 vt/tc=Y/Y recon=2/1 vtstat=272/886ms setval=6 meas=2 steerReady=no/not-ready tracks=(none yet)
12:28:13.985 xte=-1.04 v=0.00 q=4 vt/tc=Y/Y recon=2/1 vtstat=273/940ms setval=9 meas=3 steerReady=no/not-ready tracks=(none yet)
12:28:14.992 xte=-1.04 v=0.01 q=4 vt/tc=Y/Y recon=2/1 vtstat=274/963ms setval=9 meas=3 steerReady=no/not-ready tracks=(none yet)
12:28:16.018 xte=-1.04 v=0.00 q=4 vt/tc=Y/Y recon=2/1 vtstat=275/973ms setval=9 meas=3 steerReady=no/not-ready tracks=(none yet)
12:28:17.053 xte=-1.04 v=0.00 q=4 vt/tc=Y/Y recon=2/1 vtstat=276/997ms setval=9 meas=3 steerReady=no/not-ready tracks=(none yet)
12:28:18.062 xte=-1.04 v=0.01 q=4 vt/tc=Y/Y recon=2/1 vtstat=278/33ms setval=9 meas=3 steerReady=no/not-ready tracks=(none yet)
12:28:19.089 xte=-1.04 v=0.01 q=4 vt/tc=Y/Y recon=2/1 vtstat=279/46ms setval=9 meas=3 steerReady=no/not-ready tracks=(none yet)
12:28:20.149 xte=-1.04 v=0.00 q=4 vt/tc=Y/Y recon=2/1 vtstat=280/73ms setval=9 meas=3 steerReady=no/not-ready tracks=(none yet)
12:28:21.167 xte=-1.04 v=0.01 q=4 vt/tc=Y/Y recon=2/1 vtstat=281/131ms setval=9 meas=3 steerReady=no/not-ready tracks=(none yet)
12:28:22.178 xte=-1.04 v=0.00 q=4 vt/tc=Y/Y recon=2/1 vtstat=282/149ms setval=9 meas=3 steerReady=no/not-ready tracks=(none yet)
12:28:23.257 xte=-1.04 v=0.00 q=4 vt/tc=Y/Y recon=2/1 vtstat=283/162ms setval=9 meas=3 steerReady=no/not-ready tracks=(none yet)
12:28:24.267 xte=-1.04 v=0.00 q=4 vt/tc=Y/Y recon=2/1 vtstat=284/236ms setval=9 meas=3 steerReady=no/not-ready tracks=(none yet)
12:28:25.278 xte=-1.04 v=0.01 q=4 vt/tc=Y/Y recon=2/1 vtstat=285/248ms setval=9 meas=3 steerReady=no/not-ready tracks=(none yet)
12:28:26.295 xte=-1.04 v=0.00 q=4 vt/tc=Y/Y recon=2/1 vtstat=286/261ms setval=9 meas=3 steerReady=no/not-ready tracks=(none yet)
12:28:27.320 xte=-1.04 v=0.01 q=4 vt/tc=Y/Y recon=2/1 vtstat=287/275ms setval=9 meas=3 steerReady=no/not-ready tracks=(none yet)
12:28:28.375 xte=-1.04 v=0.01 q=4 vt/tc=Y/Y recon=2/1 vtstat=288/302ms setval=9 meas=3 steerReady=no/not-ready tracks=(none yet)
12:28:29.445 xte=-1.04 v=0.00 q=4 vt/tc=Y/Y recon=2/1 vtstat=289/359ms setval=9 meas=3 steerReady=no/not-ready tracks=(none yet)
12:28:30.500 xte=-1.04 v=0.00 q=4 vt/tc=Y/Y recon=2/1 vtstat=290/439ms setval=9 meas=3 steerReady=no/not-ready tracks=(none yet)
12:28:31.586 xte=-1.04 v=0.00 q=4 vt/tc=Y/Y recon=2/1 vtstat=291/496ms setval=9 meas=3 steerReady=no/not-ready tracks=(none yet)
12:28:32.599 xte=-1.04 v=0.00 q=4 vt/tc=Y/Y recon=2/1 vtstat=292/567ms setval=9 meas=3 steerReady=no/not-ready tracks=(none yet)
12:28:33.644 xte=-1.04 v=0.01 q=4 vt/tc=Y/Y recon=2/1 vtstat=293/582ms setval=9 meas=3 steerReady=no/not-ready tracks=(none yet)
12:28:34.693 xte=-1.04 v=0.01 q=4 vt/tc=Y/Y recon=2/1 vtstat=294/625ms setval=9 meas=3 steerReady=no/not-ready tracks=(none yet)
12:28:35.744 xte=-1.04 v=0.01 q=4 vt/tc=Y/Y recon=2/1 vtstat=295/677ms setval=9 meas=3 steerReady=no/not-ready tracks=(none yet)
12:28:36.759 xte=-1.03 v=0.01 q=4 vt/tc=Y/Y recon=2/1 vtstat=296/727ms setval=9 meas=3 steerReady=no/not-ready tracks=(none yet)
12:28:37.774 xte=-1.03 v=0.01 q=4 vt/tc=Y/Y recon=2/1 vtstat=297/740ms setval=9 meas=3 steerReady=no/not-ready tracks=(none yet)
12:28:38.792 xte=-1.03 v=0.00 q=4 vt/tc=Y/Y recon=2/1 vtstat=298/754ms setval=9 meas=3 steerReady=no/not-ready tracks=(none yet)
12:28:39.839 xte=-1.03 v=0.01 q=4 vt/tc=Y/Y recon=2/1 vtstat=299/771ms setval=9 meas=3 steerReady=no/not-ready tracks=(none yet)
12:28:40.883 xte=-1.03 v=0.01 q=4 vt/tc=Y/Y recon=2/1 vtstat=300/820ms setval=9 meas=3 steerReady=no/not-ready tracks=(none yet)
12:28:41.894 xte=-1.03 v=0.00 q=4 vt/tc=Y/Y recon=2/1 vtstat=301/862ms setval=9 meas=3 steerReady=no/not-ready tracks=(none yet)
12:28:42.917 xte=-1.03 v=0.00 q=4 vt/tc=Y/Y recon=2/1 vtstat=302/873ms setval=9 meas=3 steerReady=no/not-ready tracks=(none yet)
12:28:43.930 xte=-1.03 v=0.01 q=4 vt/tc=Y/Y recon=2/1 vtstat=303/901ms setval=9 meas=3 steerReady=no/not-ready tracks=(none yet)
12:28:45.001 xte=-1.03 v=0.00 q=4 vt/tc=Y/Y recon=2/1 vtstat=304/909ms setval=9 meas=3 steerReady=no/not-ready tracks=(none yet)
12:28:46.013 xte=-1.03 v=0.01 q=4 vt/tc=Y/Y recon=2/1 vtstat=305/980ms setval=9 meas=3 steerReady=no/not-ready tracks=(none yet)
12:28:47.035 xte=-1.03 v=0.00 q=4 vt/tc=Y/Y recon=2/1 vtstat=306/992ms setval=9 meas=3 steerReady=no/not-ready tracks=(none yet)
12:28:48.046 xte=-1.03 v=0.00 q=4 vt/tc=Y/Y recon=2/1 vtstat=308/13ms setval=9 meas=3 steerReady=no/not-ready tracks=(none yet)
12:28:49.055 xte=1.22 v=0.01 q=4 vt/tc=Y/Y recon=2/1 vtstat=309/27ms setval=9 meas=3 steerReady=no/not-ready tracks=(none yet)
12:28:50.099 xte=1.22 v=0.01 q=4 vt/tc=Y/Y recon=2/1 vtstat=310/35ms setval=9 meas=3 steerReady=no/not-ready tracks=(none yet)
12:28:51.119 xte=1.22 v=0.00 q=4 vt/tc=Y/Y recon=2/1 vtstat=311/81ms setval=9 meas=3 steerReady=no/not-ready tracks=(none yet)
12:28:52.134 xte=1.22 v=0.01 q=4 vt/tc=Y/Y recon=2/1 vtstat=312/105ms setval=9 meas=3 steerReady=no/not-ready tracks=(none yet)
12:28:53.160 xte=1.22 v=0.00 q=4 vt/tc=Y/Y recon=2/1 vtstat=313/114ms setval=9 meas=3 steerReady=no/not-ready tracks=(none yet)
12:28:54.180 xte=1.22 v=0.00 q=4 vt/tc=Y/Y recon=2/1 vtstat=314/142ms setval=9 meas=3 steerReady=no/not-ready tracks=(none yet)
12:28:55.208 xte=1.22 v=0.00 q=4 vt/tc=Y/Y recon=2/1 vtstat=315/161ms setval=9 meas=3 steerReady=no/not-ready tracks=(none yet)
12:28:56.241 xte=1.22 v=0.00 q=4 vt/tc=Y/Y recon=2/1 vtstat=316/195ms setval=9 meas=3 steerReady=no/not-ready tracks=(none yet)
12:28:57.250 xte=1.22 v=0.00 q=4 vt/tc=Y/Y recon=2/1 vtstat=317/222ms setval=9 meas=3 steerReady=no/not-ready tracks=(none yet)
12:28:58.259 xte=1.22 v=0.00 q=4 vt/tc=Y/Y recon=2/1 vtstat=318/229ms setval=9 meas=3 steerReady=no/not-ready tracks=(none yet)
12:28:59.278 xte=1.22 v=0.00 q=4 vt/tc=Y/Y recon=2/1 vtstat=319/240ms setval=9 meas=3 steerReady=no/not-ready tracks=(none yet)
12:29:00.296 xte=1.22 v=0.00 q=4 vt/tc=Y/Y recon=2/1 vtstat=320/258ms setval=9 meas=3 steerReady=no/not-ready tracks=(none yet)
12:29:01.322 xte=1.22 v=0.00 q=4 vt/tc=Y/Y recon=2/1 vtstat=321/278ms setval=9 meas=3 steerReady=no/not-ready tracks=(none yet)
12:29:02.391 xte=1.22 v=0.01 q=4 vt/tc=Y/Y recon=2/1 vtstat=322/304ms setval=9 meas=3 steerReady=no/not-ready tracks=(none yet)
12:29:03.410 xte=1.22 v=0.01 q=4 vt/tc=Y/Y recon=2/1 vtstat=323/369ms setval=9 meas=3 steerReady=no/not-ready tracks=(none yet)
12:29:04.446 xte=1.22 v=0.00 q=4 vt/tc=Y/Y recon=2/1 vtstat=324/394ms setval=9 meas=3 steerReady=no/not-ready tracks=(none yet)
12:29:05.466 xte=1.22 v=0.00 q=4 vt/tc=Y/Y recon=2/1 vtstat=325/425ms setval=9 meas=3 steerReady=no/not-ready tracks=(none yet)
12:29:06.510 xte=1.22 v=0.00 q=4 vt/tc=Y/Y recon=2/1 vtstat=326/446ms setval=9 meas=3 steerReady=no/not-ready tracks=(none yet)
12:29:07.538 xte=1.22 v=0.00 q=4 vt/tc=Y/Y recon=2/1 vtstat=327/489ms setval=9 meas=3 steerReady=no/not-ready tracks=(none yet)
12:29:08.547 xte=1.22 v=0.01 q=4 vt/tc=Y/Y recon=2/1 vtstat=328/520ms setval=9 meas=3 steerReady=no/not-ready tracks=(none yet)
12:29:09.585 xte=1.22 v=0.00 q=4 vt/tc=Y/Y recon=2/1 vtstat=329/525ms setval=9 meas=3 steerReady=no/not-ready tracks=(none yet)
12:29:10.644 xte=1.22 v=0.01 q=4 vt/tc=Y/Y recon=2/1 vtstat=330/565ms setval=9 meas=3 steerReady=no/not-ready tracks=(none yet)
12:29:11.661 xte=1.22 v=0.00 q=4 vt/tc=Y/Y recon=2/1 vtstat=331/624ms setval=9 meas=3 steerReady=no/not-ready tracks=(none yet)
12:29:12.708 xte=1.22 v=0.00 q=4 vt/tc=Y/Y recon=2/1 vtstat=332/640ms setval=9 meas=3 steerReady=no/not-ready tracks=(none yet)
12:29:13.735 xte=1.22 v=0.00 q=4 vt/tc=Y/Y recon=2/1 vtstat=333/690ms setval=9 meas=3 steerReady=no/not-ready tracks=(none yet)
12:29:14.750 xte=1.22 v=0.01 q=4 vt/tc=Y/Y recon=2/1 vtstat=334/713ms setval=9 meas=3 steerReady=no/not-ready tracks=(none yet)
12:29:15.811 xte=1.22 v=0.00 q=4 vt/tc=Y/Y recon=2/1 vtstat=335/727ms setval=9 meas=3 steerReady=no/not-ready tracks=(none yet)
12:29:16.836 xte=1.22 v=0.01 q=4 vt/tc=Y/Y recon=2/1 vtstat=336/791ms setval=9 meas=3 steerReady=no/not-ready tracks=(none yet)
12:29:17.845 xte=1.22 v=0.00 q=4 vt/tc=Y/Y recon=2/1 vtstat=337/814ms setval=9 meas=3 steerReady=no/not-ready tracks=(none yet)
12:29:18.853 xte=1.22 v=0.00 q=4 vt/tc=Y/Y recon=2/1 vtstat=338/824ms setval=9 meas=3 steerReady=no/not-ready tracks=(none yet)
12:29:19.880 xte=1.22 v=0.00 q=4 vt/tc=Y/Y recon=2/1 vtstat=339/833ms setval=9 meas=3 steerReady=no/not-ready tracks=(none yet)
12:29:20.910 xte=1.22 v=0.01 q=4 vt/tc=Y/Y recon=2/1 vtstat=340/859ms setval=9 meas=3 steerReady=no/not-ready tracks=(none yet)
12:29:21.984 xte=1.22 v=0.00 q=4 vt/tc=Y/Y recon=2/1 vtstat=341/887ms setval=9 meas=3 steerReady=no/not-ready tracks=(none yet)
12:29:23.024 xte=1.22 v=0.01 q=4 vt/tc=Y/Y recon=2/1 vtstat=342/963ms setval=9 meas=3 steerReady=no/not-ready tracks=(none yet)
12:29:24.035 xte=1.22 v=0.00 q=4 vt/tc=Y/Y recon=2/1 vtstat=344/3ms setval=9 meas=3 steerReady=no/not-ready tracks=(none yet)
12:29:25.086 xte=1.22 v=0.01 q=4 vt/tc=Y/Y recon=2/1 vtstat=345/16ms setval=9 meas=3 steerReady=no/not-ready tracks=(none yet)
12:29:26.111 xte=1.22 v=0.00 q=4 vt/tc=Y/Y recon=2/1 vtstat=346/65ms setval=9 meas=3 steerReady=no/not-ready tracks=(none yet)
12:29:27.130 xte=1.22 v=0.00 q=4 vt/tc=Y/Y recon=2/1 vtstat=347/90ms setval=9 meas=3 steerReady=no/not-ready tracks=(none yet)
12:29:28.192 xte=1.22 v=0.00 q=4 vt/tc=Y/Y recon=2/1 vtstat=348/110ms setval=9 meas=3 steerReady=no/not-ready tracks=(none yet)
12:29:29.213 xte=1.22 v=0.01 q=4 vt/tc=Y/Y recon=2/1 vtstat=349/170ms setval=9 meas=3 steerReady=no/not-ready tracks=(none yet)
12:29:30.230 xte=1.22 v=0.00 q=4 vt/tc=Y/Y recon=2/1 vtstat=350/194ms setval=9 meas=3 steerReady=no/not-ready tracks=(none yet)
12:29:31.300 xte=1.22 v=0.00 q=4 vt/tc=Y/Y recon=2/1 vtstat=351/222ms setval=9 meas=3 steerReady=no/not-ready tracks=(none yet)
12:29:32.319 xte=1.22 v=0.00 q=4 vt/tc=Y/Y recon=2/1 vtstat=352/280ms setval=9 meas=3 steerReady=no/not-ready tracks=(none yet)
12:29:33.326 xte=1.22 v=0.00 q=4 vt/tc=Y/Y recon=2/1 vtstat=353/297ms setval=9 meas=3 steerReady=no/not-ready tracks=(none yet)
12:29:34.351 xte=1.22 v=0.00 q=4 vt/tc=Y/Y recon=2/1 vtstat=354/305ms setval=9 meas=3 steerReady=no/not-ready tracks=(none yet)
12:29:35.387 xte=1.22 v=0.01 q=4 vt/tc=Y/Y recon=2/1 vtstat=355/329ms setval=9 meas=3 steerReady=no/not-ready tracks=(none yet)
12:29:36.442 xte=1.22 v=0.01 q=4 vt/tc=Y/Y recon=2/1 vtstat=356/367ms setval=9 meas=3 steerReady=no/not-ready tracks=(none yet)
12:29:37.484 xte=1.22 v=0.00 q=4 vt/tc=Y/Y recon=2/1 vtstat=357/422ms setval=9 meas=3 steerReady=no/not-ready tracks=(none yet)
12:29:38.500 xte=1.22 v=0.01 q=4 vt/tc=Y/Y recon=2/1 vtstat=358/464ms setval=9 meas=3 steerReady=no/not-ready tracks=(none yet)
12:29:39.563 xte=1.22 v=0.00 q=4 vt/tc=Y/Y recon=2/1 vtstat=359/477ms setval=9 meas=3 steerReady=no/not-ready tracks=(none yet)
12:29:40.645 xte=1.22 v=0.00 q=4 vt/tc=Y/Y recon=2/1 vtstat=360/543ms setval=9 meas=3 steerReady=no/not-ready tracks=(none yet)
12:29:41.676 xte=1.22 v=0.00 q=4 vt/tc=Y/Y recon=2/1 vtstat=361/625ms setval=9 meas=3 steerReady=no/not-ready tracks=(none yet)
12:29:42.730 xte=1.22 v=0.01 q=4 vt/tc=Y/Y recon=2/1 vtstat=362/664ms setval=9 meas=3 steerReady=no/not-ready tracks=(none yet)
12:29:43.779 xte=1.22 v=0.01 q=4 vt/tc=Y/Y recon=2/1 vtstat=363/710ms setval=9 meas=3 steerReady=no/not-ready tracks=(none yet)
12:29:44.805 xte=1.22 v=0.01 q=4 vt/tc=Y/Y recon=2/1 vtstat=364/758ms setval=9 meas=3 steerReady=no/not-ready tracks=(none yet)
12:29:45.828 xte=1.22 v=0.00 q=4 vt/tc=Y/Y recon=2/1 vtstat=365/781ms setval=9 meas=3 steerReady=no/not-ready tracks=(none yet)
12:29:46.840 xte=1.22 v=0.01 q=4 vt/tc=Y/Y recon=2/1 vtstat=366/805ms setval=9 meas=3 steerReady=no/not-ready tracks=(none yet)
12:29:47.874 xte=1.22 v=0.00 q=4 vt/tc=Y/Y recon=2/1 vtstat=367/817ms setval=9 meas=3 steerReady=no/not-ready tracks=(none yet)
12:29:48.915 xte=1.22 v=0.01 q=4 vt/tc=Y/Y recon=2/1 vtstat=368/852ms setval=9 meas=3 steerReady=no/not-ready tracks=(none yet)
12:29:49.920 xte=1.22 v=0.00 q=4 vt/tc=Y/Y recon=2/1 vtstat=369/897ms setval=9 meas=3 steerReady=no/not-ready tracks=(none yet)
12:29:50.949 xte=1.22 v=0.00 q=4 vt/tc=Y/Y recon=2/1 vtstat=370/899ms setval=9 meas=3 steerReady=no/not-ready tracks=(none yet)
12:29:51.993 xte=1.22 v=0.00 q=4 vt/tc=Y/Y recon=2/1 vtstat=371/928ms setval=9 meas=3 steerReady=no/not-ready tracks=(none yet)
12:29:53.060 xte=1.22 v=0.00 q=4 vt/tc=Y/Y recon=2/1 vtstat=372/974ms setval=9 meas=3 steerReady=no/not-ready tracks=(none yet)
12:29:54.077 xte=1.22 v=0.00 q=4 vt/tc=Y/Y recon=2/1 vtstat=374/40ms setval=9 meas=3 steerReady=no/not-ready tracks=(none yet)
12:29:55.083 xte=1.22 v=0.00 q=4 vt/tc=Y/Y recon=2/1 vtstat=375/55ms setval=9 meas=3 steerReady=no/not-ready tracks=(none yet)
12:29:56.128 xte=1.22 v=0.00 q=4 vt/tc=Y/Y recon=2/1 vtstat=376/62ms setval=9 meas=3 steerReady=no/not-ready tracks=(none yet)
12:29:57.137 xte=1.22 v=0.00 q=4 vt/tc=Y/Y recon=2/1 vtstat=377/108ms setval=9 meas=3 steerReady=no/not-ready tracks=(none yet)
12:29:58.172 xte=1.22 v=0.00 q=4 vt/tc=Y/Y recon=2/1 vtstat=378/113ms setval=9 meas=3 steerReady=no/not-ready tracks=(none yet)
12:29:59.191 xte=1.22 v=0.00 q=4 vt/tc=Y/Y recon=2/1 vtstat=379/151ms setval=9 meas=3 steerReady=no/not-ready tracks=(none yet)
12:30:00.224 xte=1.22 v=0.00 q=4 vt/tc=Y/Y recon=2/1 vtstat=380/168ms setval=9 meas=3 steerReady=no/not-ready tracks=(none yet)
12:30:01.283 xte=1.22 v=0.01 q=4 vt/tc=Y/Y recon=2/1 vtstat=381/202ms setval=9 meas=3 steerReady=no/not-ready tracks=(none yet)
12:30:02.326 xte=1.22 v=0.00 q=4 vt/tc=Y/Y recon=2/1 vtstat=382/262ms setval=9 meas=3 steerReady=no/not-ready tracks=(none yet)
12:30:03.342 xte=1.22 v=0.00 q=4 vt/tc=Y/Y recon=2/1 vtstat=383/308ms setval=9 meas=3 steerReady=no/not-ready tracks=(none yet)
12:30:04.417 xte=1.22 v=0.00 q=4 vt/tc=Y/Y recon=2/1 vtstat=384/324ms setval=9 meas=3 steerReady=no/not-ready tracks=(none yet)
12:30:05.430 xte=1.22 v=0.00 q=4 vt/tc=Y/Y recon=2/1 vtstat=385/398ms setval=9 meas=3 steerReady=no/not-ready tracks=(none yet)
12:30:06.484 xte=1.22 v=0.00 q=4 vt/tc=Y/Y recon=2/1 vtstat=386/405ms setval=9 meas=3 steerReady=no/not-ready tracks=(none yet)
12:30:07.499 xte=1.22 v=0.00 q=4 vt/tc=Y/Y recon=2/1 vtstat=387/464ms setval=9 meas=3 steerReady=no/not-ready tracks=(none yet)
12:30:08.531 xte=1.22 v=0.00 q=4 vt/tc=Y/Y recon=2/1 vtstat=388/479ms setval=9 meas=3 steerReady=no/not-ready tracks=(none yet)
12:30:09.574 xte=1.22 v=0.00 q=4 vt/tc=Y/Y recon=2/1 vtstat=389/510ms setval=9 meas=3 steerReady=no/not-ready tracks=(none yet)
12:30:10.629 xte=1.22 v=0.00 q=4 vt/tc=Y/Y recon=2/1 vtstat=390/552ms setval=9 meas=3 steerReady=no/not-ready tracks=(none yet)
12:30:11.646 xte=1.22 v=0.01 q=4 vt/tc=Y/Y recon=2/1 vtstat=391/607ms setval=9 meas=3 steerReady=no/not-ready tracks=(none yet)
12:30:12.711 xte=1.22 v=0.01 q=4 vt/tc=Y/Y recon=2/1 vtstat=392/649ms setval=9 meas=3 steerReady=no/not-ready tracks=(none yet)
12:30:13.750 xte=1.22 v=0.00 q=4 vt/tc=Y/Y recon=2/1 vtstat=393/689ms setval=9 meas=3 steerReady=no/not-ready tracks=(none yet)
12:30:14.779 xte=1.22 v=0.00 q=4 vt/tc=Y/Y recon=2/1 vtstat=394/726ms setval=9 meas=3 steerReady=no/not-ready tracks=(none yet)
12:30:15.848 xte=1.22 v=0.01 q=4 vt/tc=Y/Y recon=2/1 vtstat=395/756ms setval=9 meas=3 steerReady=no/not-ready tracks=(none yet)
12:30:16.868 xte=1.22 v=0.00 q=4 vt/tc=Y/Y recon=2/1 vtstat=396/824ms setval=9 meas=3 steerReady=no/not-ready tracks=(none yet)
12:30:17.915 xte=1.22 v=0.01 q=4 vt/tc=Y/Y recon=2/1 vtstat=397/851ms setval=9 meas=3 steerReady=no/not-ready tracks=(none yet)
12:30:18.930 xte=1.22 v=0.00 q=4 vt/tc=Y/Y recon=2/1 vtstat=398/890ms setval=9 meas=3 steerReady=no/not-ready tracks=(none yet)
12:30:19.976 xte=1.22 v=0.01 q=4 vt/tc=Y/Y recon=2/1 vtstat=399/909ms setval=9 meas=3 steerReady=no/not-ready tracks=(none yet)
12:30:20.993 xte=1.22 v=0.01 q=4 vt/tc=Y/Y recon=2/1 vtstat=400/954ms setval=9 meas=3 steerReady=no/not-ready tracks=(none yet)
12:30:22.020 xte=1.22 v=0.01 q=4 vt/tc=Y/Y recon=2/1 vtstat=401/970ms setval=9 meas=3 steerReady=no/not-ready tracks=(none yet)
12:30:23.050 xte=1.22 v=0.00 q=4 vt/tc=Y/Y recon=2/1 vtstat=402/999ms setval=9 meas=3 steerReady=no/not-ready tracks=(none yet)
12:30:24.101 xte=1.22 v=0.01 q=4 vt/tc=Y/Y recon=2/1 vtstat=404/29ms setval=9 meas=3 steerReady=no/not-ready tracks=(none yet)
12:30:25.139 xte=1.22 v=0.01 q=4 vt/tc=Y/Y recon=2/1 vtstat=405/78ms setval=9 meas=3 steerReady=no/not-ready tracks=(none yet)
12:30:26.202 xte=1.22 v=0.01 q=4 vt/tc=Y/Y recon=2/1 vtstat=406/117ms setval=9 meas=3 steerReady=no/not-ready tracks=(none yet)
12:30:27.222 xte=1.22 v=0.00 q=4 vt/tc=Y/Y recon=2/1 vtstat=407/179ms setval=9 meas=3 steerReady=no/not-ready tracks=(none yet)
12:30:28.244 xte=1.22 v=0.00 q=4 vt/tc=Y/Y recon=2/1 vtstat=408/202ms setval=9 meas=3 steerReady=no/not-ready tracks=(none yet)
12:30:29.303 xte=1.22 v=0.01 q=4 vt/tc=Y/Y recon=2/1 vtstat=409/221ms setval=9 meas=3 steerReady=no/not-ready tracks=(none yet)
12:30:30.313 xte=1.22 v=0.00 q=4 vt/tc=Y/Y recon=2/1 vtstat=410/280ms setval=9 meas=3 steerReady=no/not-ready tracks=(none yet)
12:30:31.374 xte=1.22 v=0.00 q=4 vt/tc=Y/Y recon=2/1 vtstat=411/293ms setval=9 meas=3 steerReady=no/not-ready tracks=(none yet)
12:30:32.398 xte=1.22 v=0.00 q=4 vt/tc=Y/Y recon=2/1 vtstat=412/352ms setval=9 meas=3 steerReady=no/not-ready tracks=(none yet)
12:30:33.468 xte=1.22 v=0.00 q=4 vt/tc=Y/Y recon=2/1 vtstat=413/375ms setval=9 meas=3 steerReady=no/not-ready tracks=(none yet)
12:30:34.508 xte=1.22 v=0.00 q=4 vt/tc=Y/Y recon=2/1 vtstat=414/471ms setval=9 meas=3 steerReady=no/not-ready tracks=(none yet)
12:30:35.518 xte=1.22 v=0.00 q=4 vt/tc=Y/Y recon=2/1 vtstat=415/486ms setval=9 meas=3 steerReady=no/not-ready tracks=(none yet)
12:30:36.553 xte=1.22 v=0.00 q=4 vt/tc=Y/Y recon=2/1 vtstat=416/493ms setval=9 meas=3 steerReady=no/not-ready tracks=(none yet)
12:30:37.570 xte=1.22 v=0.01 q=4 vt/tc=Y/Y recon=2/1 vtstat=417/531ms setval=9 meas=3 steerReady=no/not-ready tracks=(none yet)
12:30:38.591 xte=1.22 v=0.01 q=4 vt/tc=Y/Y recon=2/1 vtstat=418/553ms setval=9 meas=3 steerReady=no/not-ready tracks=(none yet)
12:30:39.636 xte=1.22 v=0.00 q=4 vt/tc=Y/Y recon=2/1 vtstat=419/567ms setval=9 meas=3 steerReady=no/not-ready tracks=(none yet)
12:30:40.716 xte=1.22 v=0.00 q=4 vt/tc=Y/Y recon=2/1 vtstat=420/614ms setval=9 meas=3 steerReady=no/not-ready tracks=(none yet)
12:30:41.770 xte=1.22 v=0.01 q=4 vt/tc=Y/Y recon=2/1 vtstat=421/697ms setval=9 meas=3 steerReady=no/not-ready tracks=(none yet)
12:30:42.807 xte=1.22 v=0.00 q=4 vt/tc=Y/Y recon=2/1 vtstat=422/745ms setval=9 meas=3 steerReady=no/not-ready tracks=(none yet)
12:30:43.844 xte=1.22 v=0.00 q=4 vt/tc=Y/Y recon=2/1 vtstat=423/790ms setval=9 meas=3 steerReady=no/not-ready tracks=(none yet)
12:30:44.852 xte=1.22 v=0.00 q=4 vt/tc=Y/Y recon=2/1 vtstat=424/819ms setval=9 meas=3 steerReady=no/not-ready tracks=(none yet)
12:30:45.880 xte=1.22 v=0.00 q=4 vt/tc=Y/Y recon=2/1 vtstat=425/827ms setval=9 meas=3 steerReady=no/not-ready tracks=(none yet)
12:30:46.905 xte=1.22 v=0.00 q=4 vt/tc=Y/Y recon=2/1 vtstat=426/856ms setval=9 meas=3 steerReady=no/not-ready tracks=(none yet)
12:30:47.956 xte=1.22 v=0.01 q=4 vt/tc=Y/Y recon=2/1 vtstat=427/881ms setval=9 meas=3 steerReady=no/not-ready tracks=(none yet)
12:30:48.973 xte=1.22 v=0.00 q=4 vt/tc=Y/Y recon=2/1 vtstat=428/930ms setval=9 meas=3 steerReady=no/not-ready tracks=(none yet)
12:30:50.002 xte=1.22 v=0.00 q=4 vt/tc=Y/Y recon=2/1 vtstat=429/950ms setval=9 meas=3 steerReady=no/not-ready tracks=(none yet)
12:30:51.047 xte=1.22 v=0.00 q=4 vt/tc=Y/Y recon=2/1 vtstat=430/979ms setval=9 meas=3 steerReady=no/not-ready tracks=(none yet)
12:30:52.080 xte=1.22 v=0.01 q=4 vt/tc=Y/Y recon=2/1 vtstat=432/22ms setval=9 meas=3 steerReady=no/not-ready tracks=(none yet)
12:30:53.103 xte=1.22 v=0.01 q=4 vt/tc=Y/Y recon=2/1 vtstat=433/59ms setval=9 meas=3 steerReady=no/not-ready tracks=(none yet)
12:30:54.133 xte=1.22 v=0.01 q=4 vt/tc=Y/Y recon=2/1 vtstat=434/79ms setval=9 meas=3 steerReady=no/not-ready tracks=(none yet)
12:30:55.193 xte=1.22 v=0.00 q=4 vt/tc=Y/Y recon=2/1 vtstat=435/110ms setval=9 meas=3 steerReady=no/not-ready tracks=(none yet)
12:30:56.241 xte=1.22 v=0.01 q=4 vt/tc=Y/Y recon=2/1 vtstat=436/169ms setval=9 meas=3 steerReady=no/not-ready tracks=(none yet)
12:30:57.288 xte=1.22 v=0.01 q=4 vt/tc=Y/Y recon=2/1 vtstat=437/220ms setval=9 meas=3 steerReady=no/not-ready tracks=(none yet)
12:30:58.335 xte=1.22 v=0.01 q=4 vt/tc=Y/Y recon=2/1 vtstat=438/265ms setval=9 meas=3 steerReady=no/not-ready tracks=(none yet)
12:30:59.350 xte=1.22 v=0.01 q=4 vt/tc=Y/Y recon=2/1 vtstat=439/313ms setval=9 meas=3 steerReady=no/not-ready tracks=(none yet)
12:31:00.418 xte=1.22 v=0.00 q=4 vt/tc=Y/Y recon=2/1 vtstat=440/326ms setval=9 meas=3 steerReady=no/not-ready tracks=(none yet)
12:31:01.431 xte=1.22 v=0.01 q=4 vt/tc=Y/Y recon=2/1 vtstat=441/394ms setval=9 meas=3 steerReady=no/not-ready tracks=(none yet)
12:31:02.473 xte=1.22 v=0.00 q=4 vt/tc=Y/Y recon=2/1 vtstat=442/407ms setval=9 meas=3 steerReady=no/not-ready tracks=(none yet)
12:31:03.535 xte=1.22 v=0.01 q=4 vt/tc=Y/Y recon=2/1 vtstat=443/475ms setval=9 meas=3 steerReady=no/not-ready tracks=(none yet)
12:31:04.563 xte=1.22 v=0.01 q=4 vt/tc=Y/Y recon=2/1 vtstat=444/511ms setval=9 meas=3 steerReady=no/not-ready tracks=(none yet)
12:31:05.587 xte=1.22 v=0.01 q=4 vt/tc=Y/Y recon=2/1 vtstat=445/540ms setval=9 meas=3 steerReady=no/not-ready tracks=(none yet)
12:31:06.608 xte=1.22 v=0.01 q=4 vt/tc=Y/Y recon=2/1 vtstat=446/560ms setval=9 meas=3 steerReady=no/not-ready tracks=(none yet)
12:31:07.668 xte=1.22 v=0.01 q=4 vt/tc=Y/Y recon=2/1 vtstat=447/585ms setval=9 meas=3 steerReady=no/not-ready tracks=(none yet)
12:31:08.700 xte=1.22 v=0.01 q=4 vt/tc=Y/Y recon=2/1 vtstat=448/646ms setval=9 meas=3 steerReady=no/not-ready tracks=(none yet)
12:31:09.707 xte=1.22 v=0.00 q=4 vt/tc=Y/Y recon=2/1 vtstat=449/674ms setval=9 meas=3 steerReady=no/not-ready tracks=(none yet)
12:31:10.734 xte=1.22 v=0.01 q=4 vt/tc=Y/Y recon=2/1 vtstat=450/684ms setval=9 meas=3 steerReady=no/not-ready tracks=(none yet)
12:31:11.773 xte=1.22 v=0.00 q=4 vt/tc=Y/Y recon=2/1 vtstat=451/712ms setval=9 meas=3 steerReady=no/not-ready tracks=(none yet)
12:31:12.804 xte=1.22 v=0.00 q=4 vt/tc=Y/Y recon=2/1 vtstat=452/746ms setval=9 meas=3 steerReady=no/not-ready tracks=(none yet)
12:31:13.818 xte=1.22 v=0.01 q=4 vt/tc=Y/Y recon=2/1 vtstat=453/780ms setval=9 meas=3 steerReady=no/not-ready tracks=(none yet)
12:31:14.844 xte=1.22 v=0.00 q=4 vt/tc=Y/Y recon=2/1 vtstat=454/792ms setval=9 meas=3 steerReady=no/not-ready tracks=(none yet)
12:31:15.893 xte=1.22 v=0.01 q=4 vt/tc=Y/Y recon=2/1 vtstat=455/819ms setval=9 meas=3 steerReady=no/not-ready tracks=(none yet)
12:31:16.901 xte=1.22 v=0.01 q=4 vt/tc=Y/Y recon=2/1 vtstat=456/867ms setval=9 meas=3 steerReady=no/not-ready tracks=(none yet)
12:31:17.914 xte=1.22 v=0.00 q=4 vt/tc=Y/Y recon=2/1 vtstat=457/875ms setval=9 meas=3 steerReady=no/not-ready tracks=(none yet)
12:31:18.945 xte=1.22 v=0.00 q=4 vt/tc=Y/Y recon=2/1 vtstat=458/892ms setval=9 meas=3 steerReady=no/not-ready tracks=(none yet)
12:31:19.974 xte=1.22 v=0.00 q=4 vt/tc=Y/Y recon=2/1 vtstat=459/921ms setval=9 meas=3 steerReady=no/not-ready tracks=(none yet)
12:31:21.004 xte=1.22 v=0.01 q=4 vt/tc=Y/Y recon=2/1 vtstat=460/950ms setval=9 meas=3 steerReady=no/not-ready tracks=(none yet)
12:31:22.065 xte=1.22 v=0.00 q=4 vt/tc=Y/Y recon=2/1 vtstat=461/984ms setval=9 meas=3 steerReady=no/not-ready tracks=(none yet)
12:31:23.097 xte=1.22 v=0.00 q=4 vt/tc=Y/Y recon=2/1 vtstat=463/47ms setval=9 meas=3 steerReady=no/not-ready tracks=(none yet)
12:31:24.133 xte=1.22 v=0.01 q=4 vt/tc=Y/Y recon=2/1 vtstat=464/76ms setval=9 meas=3 steerReady=no/not-ready tracks=(none yet)
12:31:25.182 xte=1.22 v=0.01 q=4 vt/tc=Y/Y recon=2/1 vtstat=465/106ms setval=9 meas=3 steerReady=no/not-ready tracks=(none yet)
12:31:26.250 xte=1.22 v=0.02 q=4 vt/tc=Y/Y recon=2/1 vtstat=466/157ms setval=9 meas=3 steerReady=no/not-ready tracks=(none yet)
12:31:27.277 xte=1.22 v=0.01 q=4 vt/tc=Y/Y recon=2/1 vtstat=467/225ms setval=9 meas=3 steerReady=no/not-ready tracks=(none yet)
12:31:28.345 xte=1.22 v=0.01 q=4 vt/tc=Y/Y recon=2/1 vtstat=468/253ms setval=9 meas=3 steerReady=no/not-ready tracks=(none yet)
12:31:29.418 xte=1.22 v=0.00 q=4 vt/tc=Y/Y recon=2/1 vtstat=469/323ms setval=9 meas=3 steerReady=no/not-ready tracks=(none yet)
12:31:30.467 xte=1.22 v=0.00 q=4 vt/tc=Y/Y recon=2/1 vtstat=470/392ms setval=9 meas=3 steerReady=no/not-ready tracks=(none yet)
12:31:31.505 xte=1.22 v=0.01 q=4 vt/tc=Y/Y recon=2/1 vtstat=471/442ms setval=9 meas=3 steerReady=no/not-ready tracks=(none yet)
12:31:32.515 xte=1.22 v=0.00 q=4 vt/tc=Y/Y recon=2/1 vtstat=472/480ms setval=9 meas=3 steerReady=no/not-ready tracks=(none yet)
12:31:33.558 xte=1.21 v=0.00 q=4 vt/tc=Y/Y recon=2/1 vtstat=473/488ms setval=9 meas=3 steerReady=no/not-ready tracks=(none yet)
12:31:34.569 xte=1.21 v=0.00 q=4 vt/tc=Y/Y recon=2/1 vtstat=474/534ms setval=9 meas=3 steerReady=no/not-ready tracks=(none yet)
12:31:35.604 xte=1.21 v=0.00 q=4 vt/tc=Y/Y recon=2/1 vtstat=475/545ms setval=9 meas=3 steerReady=no/not-ready tracks=(none yet)
12:31:36.649 xte=1.21 v=0.00 q=4 vt/tc=Y/Y recon=2/1 vtstat=476/586ms setval=9 meas=3 steerReady=no/not-ready tracks=(none yet)
12:31:37.713 xte=1.21 v=0.00 q=4 vt/tc=Y/Y recon=2/1 vtstat=477/627ms setval=9 meas=3 steerReady=no/not-ready tracks=(none yet)
12:31:38.729 xte=1.21 v=0.00 q=4 vt/tc=Y/Y recon=2/1 vtstat=478/688ms setval=9 meas=3 steerReady=no/not-ready tracks=(none yet)
12:31:39.761 xte=1.21 v=0.00 q=4 vt/tc=Y/Y recon=2/1 vtstat=479/704ms setval=9 meas=3 steerReady=no/not-ready tracks=(none yet)
12:31:40.787 xte=1.21 v=0.00 q=4 vt/tc=Y/Y recon=2/1 vtstat=480/736ms setval=9 meas=3 steerReady=no/not-ready tracks=(none yet)
12:31:41.848 xte=1.21 v=0.01 q=4 vt/tc=Y/Y recon=2/1 vtstat=481/761ms setval=9 meas=3 steerReady=no/not-ready tracks=(none yet)
12:31:42.878 xte=1.21 v=0.00 q=4 vt/tc=Y/Y recon=2/1 vtstat=482/823ms setval=9 meas=3 steerReady=no/not-ready tracks=(none yet)
12:31:43.943 xte=1.21 v=0.01 q=4 vt/tc=Y/Y recon=2/1 vtstat=483/856ms setval=9 meas=3 steerReady=no/not-ready tracks=(none yet)
12:31:44.961 xte=1.21 v=0.00 q=4 vt/tc=Y/Y recon=2/1 vtstat=484/919ms setval=9 meas=3 steerReady=no/not-ready tracks=(none yet)
12:31:45.999 xte=1.21 v=0.01 q=4 vt/tc=Y/Y recon=2/1 vtstat=485/936ms setval=9 meas=3 steerReady=no/not-ready tracks=(none yet)
12:31:47.016 xte=1.21 v=0.01 q=4 vt/tc=Y/Y recon=2/1 vtstat=486/973ms setval=9 meas=3 steerReady=no/not-ready tracks=(none yet)
12:31:48.030 xte=1.21 v=0.01 q=4 vt/tc=Y/Y recon=2/1 vtstat=487/989ms setval=9 meas=3 steerReady=no/not-ready tracks=(none yet)
12:31:49.043 xte=1.21 v=0.01 q=4 vt/tc=Y/Y recon=2/1 vtstat=489/3ms setval=9 meas=3 steerReady=no/not-ready tracks=(none yet)
12:31:50.072 xte=1.21 v=0.01 q=4 vt/tc=Y/Y recon=2/1 vtstat=490/16ms setval=9 meas=3 steerReady=no/not-ready tracks=(none yet)
12:31:51.133 xte=1.21 v=0.01 q=4 vt/tc=Y/Y recon=2/1 vtstat=491/45ms setval=9 meas=3 steerReady=no/not-ready tracks=(none yet)
12:31:52.187 xte=1.21 v=0.01 q=4 vt/tc=Y/Y recon=2/1 vtstat=492/109ms setval=9 meas=3 steerReady=no/not-ready tracks=(none yet)
12:31:53.211 xte=1.21 v=0.01 q=4 vt/tc=Y/Y recon=2/1 vtstat=493/162ms setval=9 meas=3 steerReady=no/not-ready tracks=(none yet)
12:31:54.221 xte=1.21 v=0.00 q=4 vt/tc=Y/Y recon=2/1 vtstat=494/188ms setval=9 meas=3 steerReady=no/not-ready tracks=(none yet)
12:31:55.257 xte=1.21 v=0.01 q=4 vt/tc=Y/Y recon=2/1 vtstat=495/194ms setval=9 meas=3 steerReady=no/not-ready tracks=(none yet)
12:31:56.269 xte=1.21 v=0.00 q=4 vt/tc=Y/Y recon=2/1 vtstat=496/232ms setval=9 meas=3 steerReady=no/not-ready tracks=(none yet)
12:31:57.319 xte=1.21 v=0.01 q=4 vt/tc=Y/Y recon=2/1 vtstat=497/249ms setval=9 meas=3 steerReady=no/not-ready tracks=(none yet)
12:31:58.345 xte=1.21 v=0.00 q=4 vt/tc=Y/Y recon=2/1 vtstat=498/294ms setval=9 meas=3 steerReady=no/not-ready tracks=(none yet)
12:31:59.379 xte=-1.17 v=0.13 q=4 vt/tc=Y/Y recon=2/1 vtstat=499/321ms setval=9 meas=3 steerReady=no/not-ready tracks=(none yet)
12:32:00.415 xte=-0.97 v=0.40 q=4 vt/tc=Y/Y recon=2/1 vtstat=500/354ms setval=9 meas=3 steerReady=no/not-ready tracks=(none yet)
12:32:01.458 xte=-0.58 v=0.81 q=4 vt/tc=Y/Y recon=2/1 vtstat=501/389ms setval=9 meas=3 steerReady=no/not-ready tracks=(none yet)
12:32:02.522 xte=-0.03 v=1.05 q=4 vt/tc=Y/Y recon=2/1 vtstat=502/436ms setval=9 meas=3 steerReady=no/not-ready tracks=(none yet)
12:32:03.542 xte=0.62 v=1.04 q=4 vt/tc=Y/Y recon=2/1 vtstat=503/495ms setval=9 meas=3 steerReady=no/not-ready tracks=(none yet)
12:32:04.586 xte=1.16 v=1.07 q=4 vt/tc=Y/Y recon=2/1 vtstat=504/526ms setval=9 meas=3 steerReady=no/not-ready tracks=(none yet)
12:32:05.666 xte=-1.31 v=1.05 q=4 vt/tc=Y/Y recon=2/1 vtstat=505/570ms setval=9 meas=3 steerReady=no/not-ready tracks=(none yet)
12:32:06.735 xte=-0.78 v=1.03 q=4 vt/tc=Y/Y recon=2/1 vtstat=506/640ms setval=9 meas=3 steerReady=no/not-ready tracks=(none yet)
12:32:07.755 xte=-0.14 v=1.06 q=4 vt/tc=Y/Y recon=2/1 vtstat=507/710ms setval=9 meas=3 steerReady=no/not-ready tracks=(none yet)
12:32:08.824 xte=0.39 v=1.05 q=4 vt/tc=Y/Y recon=2/1 vtstat=508/729ms setval=9 meas=3 steerReady=no/not-ready tracks=(none yet)
12:32:09.864 xte=0.91 v=1.02 q=4 vt/tc=Y/Y recon=2/1 vtstat=509/795ms setval=9 meas=3 steerReady=no/not-ready tracks=(none yet)
12:32:10.937 xte=1.42 v=1.02 q=4 vt/tc=Y/Y recon=2/1 vtstat=510/836ms setval=9 meas=3 steerReady=no/not-ready tracks=(none yet)
12:32:12.013 xte=-0.82 v=1.47 q=4 vt/tc=Y/Y recon=2/1 vtstat=511/908ms setval=9 meas=3 steerReady=no/not-ready tracks=(none yet)
12:32:13.082 xte=0.05 v=1.81 q=4 vt/tc=Y/Y recon=2/1 vtstat=512/996ms setval=9 meas=3 steerReady=no/not-ready tracks=(none yet)
12:32:14.148 xte=1.02 v=1.85 q=4 vt/tc=Y/Y recon=2/1 vtstat=514/59ms setval=9 meas=3 steerReady=no/not-ready tracks=(none yet)
12:32:15.148 xte=-1.24 v=1.85 q=4 vt/tc=Y/Y recon=2/1 vtstat=515/119ms setval=9 meas=3 steerReady=no/not-ready tracks=(none yet)
12:32:16.166 xte=-0.54 v=1.86 q=4 vt/tc=Y/Y recon=2/1 vtstat=516/119ms setval=9 meas=3 steerReady=no/not-ready tracks=(none yet)
12:32:17.182 xte=0.02 v=1.91 q=4 vt/tc=Y/Y recon=2/1 vtstat=517/140ms setval=9 meas=3 steerReady=no/not-ready tracks=(none yet)
12:32:18.241 xte=0.37 v=1.89 q=4 vt/tc=Y/Y recon=2/1 vtstat=518/153ms setval=9 meas=3 steerReady=no/not-ready tracks=(none yet)
12:32:19.309 xte=0.61 v=1.88 q=4 vt/tc=Y/Y recon=2/1 vtstat=519/212ms setval=9 meas=3 steerReady=no/not-ready tracks=(none yet)
12:32:20.331 xte=0.81 v=1.86 q=4 vt/tc=Y/Y recon=2/1 vtstat=520/282ms setval=9 meas=3 steerReady=no/not-ready tracks=(none yet)
12:32:21.381 xte=0.89 v=1.86 q=4 vt/tc=Y/Y recon=2/1 vtstat=521/306ms setval=9 meas=3 steerReady=no/not-ready tracks=(none yet)
12:32:22.399 xte=0.86 v=1.85 q=4 vt/tc=Y/Y recon=2/1 vtstat=522/353ms setval=9 meas=3 steerReady=no/not-ready tracks=(none yet)
12:32:23.410 xte=0.79 v=1.86 q=4 vt/tc=Y/Y recon=2/1 vtstat=523/373ms setval=9 meas=3 steerReady=no/not-ready tracks=(none yet)
12:32:24.475 xte=0.76 v=1.86 q=4 vt/tc=Y/Y recon=2/1 vtstat=524/384ms setval=9 meas=3 steerReady=no/not-ready tracks=(none yet)
12:32:25.520 xte=0.69 v=1.83 q=4 vt/tc=Y/Y recon=2/1 vtstat=525/448ms setval=9 meas=3 steerReady=no/not-ready tracks=(none yet)
12:32:26.556 xte=0.59 v=1.88 q=4 vt/tc=Y/Y recon=2/1 vtstat=526/493ms setval=9 meas=3 steerReady=no/not-ready tracks=(none yet)
12:32:27.589 xte=0.49 v=1.80 q=4 vt/tc=Y/Y recon=2/1 vtstat=527/527ms setval=9 meas=3 steerReady=no/not-ready tracks=(none yet)
12:32:28.615 xte=0.40 v=1.49 q=4 vt/tc=Y/Y recon=2/1 vtstat=528/564ms setval=9 meas=3 steerReady=no/not-ready tracks=(none yet)
12:32:29.655 xte=0.38 v=0.45 q=4 vt/tc=Y/Y recon=2/1 vtstat=529/588ms setval=9 meas=3 steerReady=no/not-ready tracks=(none yet)
12:32:30.699 xte=0.37 v=0.08 q=4 vt/tc=Y/Y recon=2/1 vtstat=530/633ms setval=9 meas=3 steerReady=no/not-ready tracks=(none yet)
12:32:31.723 xte=0.37 v=0.04 q=4 vt/tc=Y/Y recon=2/1 vtstat=531/675ms setval=9 meas=3 steerReady=no/not-ready tracks=(none yet)
12:32:32.753 xte=0.38 v=0.08 q=4 vt/tc=Y/Y recon=2/1 vtstat=532/695ms setval=9 meas=3 steerReady=no/not-ready tracks=(none yet)
12:32:33.765 xte=-0.41 v=0.67 q=4 vt/tc=Y/Y recon=2/1 vtstat=533/725ms setval=9 meas=3 steerReady=no/not-ready tracks=(none yet)
12:32:34.834 xte=-0.47 v=1.30 q=4 vt/tc=Y/Y recon=2/1 vtstat=534/737ms setval=9 meas=3 steerReady=no/not-ready tracks=(none yet)
12:32:35.881 xte=-0.56 v=1.26 q=4 vt/tc=Y/Y recon=2/1 vtstat=535/806ms setval=9 meas=3 steerReady=no/not-ready tracks=(none yet)
12:32:36.938 xte=-0.64 v=1.30 q=4 vt/tc=Y/Y recon=2/1 vtstat=536/853ms setval=9 meas=3 steerReady=no/not-ready tracks=(none yet)
12:32:37.965 xte=-0.72 v=1.28 q=4 vt/tc=Y/Y recon=2/1 vtstat=537/918ms setval=9 meas=3 steerReady=no/not-ready tracks=(none yet)
12:32:38.982 xte=-0.72 v=1.28 q=4 vt/tc=Y/Y recon=2/1 vtstat=538/937ms setval=9 meas=3 steerReady=no/not-ready tracks=(none yet)
12:32:39.989 xte=-0.76 v=1.28 q=4 vt/tc=Y/Y recon=2/1 vtstat=539/952ms setval=9 meas=3 steerReady=no/not-ready tracks=(none yet)
12:32:41.054 xte=-0.92 v=1.30 q=4 vt/tc=Y/Y recon=2/1 vtstat=540/960ms setval=9 meas=3 steerReady=no/not-ready tracks=(none yet)
12:32:42.093 xte=-1.15 v=1.30 q=4 vt/tc=Y/Y recon=2/1 vtstat=542/25ms setval=9 meas=3 steerReady=no/not-ready tracks=(none yet)
12:32:43.104 xte=-1.25 v=1.30 q=4 vt/tc=Y/Y recon=2/1 vtstat=543/67ms setval=9 meas=3 steerReady=no/not-ready tracks=(none yet)
12:32:44.115 xte=-1.25 v=1.25 q=4 vt/tc=Y/Y recon=2/1 vtstat=544/78ms setval=9 meas=3 steerReady=no/not-ready tracks=(none yet)
12:32:45.122 xte=-1.15 v=1.29 q=4 vt/tc=Y/Y recon=2/1 vtstat=545/86ms setval=9 meas=3 steerReady=no/not-ready tracks=(none yet)
12:32:46.131 xte=-1.02 v=1.36 q=4 vt/tc=Y/Y recon=2/1 vtstat=546/94ms setval=9 meas=3 steerReady=no/not-ready tracks=(none yet)
12:32:47.137 xte=-1.07 v=1.29 q=4 vt/tc=Y/Y recon=2/1 vtstat=547/102ms setval=9 meas=3 steerReady=no/not-ready tracks=(none yet)
12:32:48.167 xte=-1.35 v=1.30 q=4 vt/tc=Y/Y recon=2/1 vtstat=548/106ms setval=9 meas=3 steerReady=no/not-ready tracks=(none yet)
12:32:49.182 xte=1.45 v=1.31 q=4 vt/tc=Y/Y recon=2/1 vtstat=549/141ms setval=9 meas=3 steerReady=no/not-ready tracks=(none yet)
12:32:50.248 xte=1.36 v=1.27 q=4 vt/tc=Y/Y recon=2/1 vtstat=550/155ms setval=9 meas=3 steerReady=no/not-ready tracks=(none yet)
12:32:51.301 xte=1.29 v=1.25 q=4 vt/tc=Y/Y recon=2/1 vtstat=551/226ms setval=9 meas=3 steerReady=no/not-ready tracks=(none yet)
12:32:52.315 xte=1.23 v=1.28 q=4 vt/tc=Y/Y recon=2/1 vtstat=552/272ms setval=9 meas=3 steerReady=no/not-ready tracks=(none yet)
12:32:53.342 xte=1.19 v=1.27 q=4 vt/tc=Y/Y recon=2/1 vtstat=553/287ms setval=9 meas=3 steerReady=no/not-ready tracks=(none yet)
12:32:54.369 xte=1.14 v=1.28 q=4 vt/tc=Y/Y recon=2/1 vtstat=554/315ms setval=9 meas=3 steerReady=no/not-ready tracks=(none yet)
12:32:55.432 xte=1.08 v=1.28 q=4 vt/tc=Y/Y recon=2/1 vtstat=555/341ms setval=9 meas=3 steerReady=no/not-ready tracks=(none yet)
12:32:56.470 xte=1.01 v=1.28 q=4 vt/tc=Y/Y recon=2/1 vtstat=556/404ms setval=9 meas=3 steerReady=no/not-ready tracks=(none yet)
12:32:57.488 xte=0.96 v=1.28 q=4 vt/tc=Y/Y recon=2/1 vtstat=557/441ms setval=9 meas=3 steerReady=no/not-ready tracks=(none yet)
12:32:58.504 xte=0.88 v=1.29 q=4 vt/tc=Y/Y recon=2/1 vtstat=558/459ms setval=9 meas=3 steerReady=no/not-ready tracks=(none yet)
12:32:59.570 xte=0.83 v=1.27 q=4 vt/tc=Y/Y recon=2/1 vtstat=559/477ms setval=9 meas=3 steerReady=no/not-ready tracks=(none yet)
12:33:00.596 xte=0.76 v=1.28 q=4 vt/tc=Y/Y recon=2/1 vtstat=560/542ms setval=9 meas=3 steerReady=no/not-ready tracks=(none yet)
12:33:01.621 xte=0.71 v=1.30 q=4 vt/tc=Y/Y recon=2/1 vtstat=561/568ms setval=9 meas=3 steerReady=no/not-ready tracks=(none yet)
12:33:02.626 xte=0.64 v=1.30 q=4 vt/tc=Y/Y recon=2/1 vtstat=562/591ms setval=9 meas=3 steerReady=no/not-ready tracks=(none yet)
12:33:03.639 xte=0.60 v=1.26 q=4 vt/tc=Y/Y recon=2/1 vtstat=563/598ms setval=9 meas=3 steerReady=no/not-ready tracks=(none yet)
12:33:04.650 xte=0.53 v=1.27 q=4 vt/tc=Y/Y recon=2/1 vtstat=564/611ms setval=9 meas=3 steerReady=no/not-ready tracks=(none yet)
12:33:05.689 xte=0.44 v=1.22 q=4 vt/tc=Y/Y recon=2/1 vtstat=565/620ms setval=9 meas=3 steerReady=no/not-ready tracks=(none yet)
12:33:06.737 xte=0.41 v=1.27 q=4 vt/tc=Y/Y recon=2/1 vtstat=566/659ms setval=9 meas=3 steerReady=no/not-ready tracks=(none yet)
12:33:07.789 xte=0.45 v=1.27 q=4 vt/tc=Y/Y recon=2/1 vtstat=567/708ms setval=9 meas=3 steerReady=no/not-ready tracks=(none yet)
12:33:08.831 xte=0.52 v=1.28 q=4 vt/tc=Y/Y recon=2/1 vtstat=568/761ms setval=9 meas=3 steerReady=no/not-ready tracks=(none yet)
12:33:09.891 xte=0.56 v=1.28 q=4 vt/tc=Y/Y recon=2/1 vtstat=569/804ms setval=9 meas=3 steerReady=no/not-ready tracks=(none yet)
12:33:10.928 xte=0.58 v=1.28 q=4 vt/tc=Y/Y recon=2/1 vtstat=570/866ms setval=9 meas=3 steerReady=no/not-ready tracks=(none yet)
12:33:11.987 xte=0.56 v=1.26 q=4 vt/tc=Y/Y recon=2/1 vtstat=571/902ms setval=9 meas=3 steerReady=no/not-ready tracks=(none yet)
12:33:13.036 xte=0.55 v=1.28 q=4 vt/tc=Y/Y recon=2/1 vtstat=572/958ms setval=9 meas=3 steerReady=no/not-ready tracks=(none yet)
12:33:14.086 xte=0.55 v=1.16 q=4 vt/tc=Y/Y recon=2/1 vtstat=574/7ms setval=9 meas=3 steerReady=no/not-ready tracks=(none yet)
12:33:15.103 xte=0.56 v=0.67 q=4 vt/tc=Y/Y recon=2/1 vtstat=575/57ms setval=9 meas=3 steerReady=no/not-ready tracks=(none yet)
12:33:16.112 xte=0.54 v=0.10 q=4 vt/tc=Y/Y recon=2/1 vtstat=576/73ms setval=9 meas=3 steerReady=no/not-ready tracks=(none yet)
12:33:17.127 xte=0.57 v=0.03 q=4 vt/tc=Y/Y recon=2/1 vtstat=577/83ms setval=9 meas=3 steerReady=no/not-ready tracks=(none yet)
12:33:18.162 xte=0.55 v=0.16 q=4 vt/tc=Y/Y recon=2/1 vtstat=578/95ms setval=9 meas=3 steerReady=no/not-ready tracks=(none yet)
12:33:19.197 xte=-0.54 v=0.96 q=4 vt/tc=Y/Y recon=2/1 vtstat=579/132ms setval=9 meas=3 steerReady=no/not-ready tracks=(none yet)
12:33:20.227 xte=-0.36 v=1.81 q=4 vt/tc=Y/Y recon=2/1 vtstat=580/169ms setval=9 meas=3 steerReady=no/not-ready tracks=(none yet)
12:33:21.247 xte=-0.16 v=1.99 q=4 vt/tc=Y/Y recon=2/1 vtstat=581/203ms setval=9 meas=3 steerReady=no/not-ready tracks=(none yet)
12:33:22.288 xte=-0.04 v=1.92 q=4 vt/tc=Y/Y recon=2/1 vtstat=582/216ms setval=9 meas=3 steerReady=no/not-ready tracks=(none yet)
12:33:23.301 xte=0.03 v=1.93 q=4 vt/tc=Y/Y recon=2/1 vtstat=583/259ms setval=9 meas=3 steerReady=no/not-ready tracks=(none yet)
12:33:24.345 xte=0.02 v=1.93 q=4 vt/tc=Y/Y recon=2/1 vtstat=584/270ms setval=9 meas=3 steerReady=no/not-ready tracks=(none yet)
12:33:25.381 xte=0.01 v=1.96 q=4 vt/tc=Y/Y recon=2/1 vtstat=585/318ms setval=9 meas=3 steerReady=no/not-ready tracks=(none yet)
12:33:26.446 xte=0.01 v=1.92 q=4 vt/tc=Y/Y recon=2/1 vtstat=586/351ms setval=9 meas=3 steerReady=no/not-ready tracks=(none yet)
12:33:27.485 xte=0.02 v=1.85 q=4 vt/tc=Y/Y recon=2/1 vtstat=587/417ms setval=9 meas=3 steerReady=no/not-ready tracks=(none yet)
12:33:28.532 xte=0.00 v=1.96 q=4 vt/tc=Y/Y recon=2/1 vtstat=588/455ms setval=9 meas=3 steerReady=no/not-ready tracks=(none yet)
12:33:29.601 xte=0.00 v=1.69 q=4 vt/tc=Y/Y recon=2/1 vtstat=589/503ms setval=9 meas=3 steerReady=no/not-ready tracks=(none yet)
12:33:30.620 xte=0.00 v=1.28 q=4 vt/tc=Y/Y recon=2/1 vtstat=590/571ms setval=9 meas=3 steerReady=no/not-ready tracks=(none yet)
12:33:31.638 xte=0.00 v=0.89 q=4 vt/tc=Y/Y recon=2/1 vtstat=591/592ms setval=9 meas=3 steerReady=no/not-ready tracks=(none yet)
12:33:32.680 xte=0.00 v=0.48 q=4 vt/tc=Y/Y recon=2/1 vtstat=592/608ms setval=9 meas=3 steerReady=no/not-ready tracks=(none yet)
12:33:33.701 xte=0.00 v=0.04 q=4 vt/tc=Y/Y recon=2/1 vtstat=593/651ms setval=9 meas=3 steerReady=no/not-ready tracks=(none yet)
12:33:34.733 xte=0.00 v=0.16 q=4 vt/tc=Y/Y recon=2/1 vtstat=594/673ms setval=9 meas=3 steerReady=no/not-ready tracks=(none yet)
12:33:35.767 xte=0.00 v=0.23 q=4 vt/tc=Y/Y recon=2/1 vtstat=595/706ms setval=9 meas=3 steerReady=no/not-ready tracks=(none yet)
12:33:36.801 xte=0.00 v=0.24 q=4 vt/tc=Y/Y recon=2/1 vtstat=596/740ms setval=9 meas=3 steerReady=no/not-ready tracks=(none yet)
12:33:37.813 xte=0.00 v=0.23 q=4 vt/tc=Y/Y recon=2/1 vtstat=597/774ms setval=9 meas=3 steerReady=no/not-ready tracks=(none yet)
12:33:38.848 xte=0.00 v=0.21 q=4 vt/tc=Y/Y recon=2/1 vtstat=598/788ms setval=9 meas=3 steerReady=no/not-ready tracks=(none yet)
12:33:39.867 xte=0.00 v=0.18 q=4 vt/tc=Y/Y recon=2/1 vtstat=599/817ms setval=9 meas=3 steerReady=no/not-ready tracks=(none yet)
12:33:40.913 xte=0.01 v=0.12 q=4 vt/tc=Y/Y recon=2/1 vtstat=600/837ms setval=9 meas=3 steerReady=no/not-ready tracks=(none yet)
12:33:41.926 xte=0.01 v=0.07 q=4 vt/tc=Y/Y recon=2/1 vtstat=601/886ms setval=9 meas=3 steerReady=no/not-ready tracks=(none yet)
12:33:42.990 xte=0.01 v=0.03 q=4 vt/tc=Y/Y recon=2/1 vtstat=602/894ms setval=9 meas=3 steerReady=no/not-ready tracks=(none yet)
12:33:44.016 xte=0.01 v=0.01 q=4 vt/tc=Y/Y recon=2/1 vtstat=603/958ms setval=9 meas=3 steerReady=no/not-ready tracks=(none yet)
12:33:45.050 xte=0.01 v=0.01 q=4 vt/tc=Y/Y recon=2/1 vtstat=604/985ms setval=9 meas=3 steerReady=no/not-ready tracks=(none yet)
12:33:46.084 xte=0.00 v=0.06 q=4 vt/tc=Y/Y recon=2/1 vtstat=606/17ms setval=9 meas=3 steerReady=no/not-ready tracks=(none yet)
12:33:47.124 xte=0.01 v=0.89 q=4 vt/tc=Y/Y recon=2/1 vtstat=607/51ms setval=9 meas=3 steerReady=no/not-ready tracks=(none yet)
12:33:48.188 xte=0.00 v=1.47 q=4 vt/tc=Y/Y recon=2/1 vtstat=608/91ms setval=9 meas=3 steerReady=no/not-ready tracks=(none yet)
12:33:49.206 xte=0.00 v=1.80 q=4 vt/tc=Y/Y recon=2/1 vtstat=609/156ms setval=9 meas=3 steerReady=no/not-ready tracks=(none yet)
12:33:50.239 xte=0.00 v=1.92 q=4 vt/tc=Y/Y recon=2/1 vtstat=610/176ms setval=9 meas=3 steerReady=no/not-ready tracks=(none yet)
12:33:51.263 xte=0.00 v=1.93 q=4 vt/tc=Y/Y recon=2/1 vtstat=611/207ms setval=9 meas=3 steerReady=no/not-ready tracks=(none yet)
12:33:52.290 xte=0.00 v=1.93 q=4 vt/tc=Y/Y recon=2/1 vtstat=612/232ms setval=9 meas=3 steerReady=no/not-ready tracks=(none yet)
12:33:53.362 xte=-0.01 v=1.92 q=4 vt/tc=Y/Y recon=2/1 vtstat=613/257ms setval=9 meas=3 steerReady=no/not-ready tracks=(none yet)
12:33:54.393 xte=-0.01 v=1.94 q=4 vt/tc=Y/Y recon=2/1 vtstat=614/333ms setval=9 meas=3 steerReady=no/not-ready tracks=(none yet)
12:33:55.435 xte=0.00 v=1.93 q=4 vt/tc=Y/Y recon=2/1 vtstat=615/367ms setval=9 meas=3 steerReady=no/not-ready tracks=(none yet)
12:33:56.472 xte=-0.01 v=1.94 q=4 vt/tc=Y/Y recon=2/1 vtstat=616/407ms setval=9 meas=3 steerReady=no/not-ready tracks=(none yet)
12:33:57.502 xte=0.00 v=1.93 q=4 vt/tc=Y/Y recon=2/1 vtstat=617/451ms setval=9 meas=3 steerReady=no/not-ready tracks=(none yet)
12:33:58.551 xte=-0.01 v=1.92 q=4 vt/tc=Y/Y recon=2/1 vtstat=618/472ms setval=9 meas=3 steerReady=no/not-ready tracks=(none yet)
12:33:59.565 xte=0.00 v=1.93 q=4 vt/tc=Y/Y recon=2/1 vtstat=619/520ms setval=9 meas=3 steerReady=no/not-ready tracks=(none yet)
12:34:00.639 xte=0.00 v=1.93 q=4 vt/tc=Y/Y recon=2/1 vtstat=620/535ms setval=9 meas=3 steerReady=no/not-ready tracks=(none yet)
12:34:01.699 xte=0.00 v=1.87 q=4 vt/tc=Y/Y recon=2/1 vtstat=621/607ms setval=9 meas=3 steerReady=no/not-ready tracks=(none yet)
12:34:02.716 xte=-0.01 v=1.52 q=4 vt/tc=Y/Y recon=2/1 vtstat=622/669ms setval=9 meas=3 steerReady=no/not-ready tracks=(none yet)
12:34:03.724 xte=-0.01 v=1.13 q=4 vt/tc=Y/Y recon=2/1 vtstat=623/686ms setval=9 meas=3 steerReady=no/not-ready tracks=(none yet)
12:34:04.748 xte=-0.01 v=0.86 q=4 vt/tc=Y/Y recon=2/1 vtstat=624/697ms setval=9 meas=3 steerReady=no/not-ready tracks=(none yet)
12:34:05.766 xte=-0.01 v=0.76 q=4 vt/tc=Y/Y recon=2/1 vtstat=625/718ms setval=9 meas=3 steerReady=no/not-ready tracks=(none yet)
12:34:06.830 xte=-0.01 v=0.64 q=4 vt/tc=Y/Y recon=2/1 vtstat=626/735ms setval=9 meas=3 steerReady=no/not-ready tracks=(none yet)
12:34:07.850 xte=-0.01 v=0.55 q=4 vt/tc=Y/Y recon=2/1 vtstat=627/801ms setval=9 meas=3 steerReady=no/not-ready tracks=(none yet)
12:34:08.916 xte=0.00 v=0.53 q=4 vt/tc=Y/Y recon=2/1 vtstat=628/819ms setval=9 meas=3 steerReady=no/not-ready tracks=(none yet)
12:34:09.939 xte=0.00 v=0.58 q=4 vt/tc=Y/Y recon=2/1 vtstat=629/886ms setval=9 meas=3 steerReady=no/not-ready tracks=(none yet)
12:34:10.949 xte=0.00 v=0.64 q=4 vt/tc=Y/Y recon=2/1 vtstat=630/908ms setval=9 meas=3 steerReady=no/not-ready tracks=(none yet)
12:34:11.997 xte=0.00 v=0.69 q=4 vt/tc=Y/Y recon=2/1 vtstat=631/920ms setval=9 meas=3 steerReady=no/not-ready tracks=(none yet)
12:34:13.051 xte=0.00 v=0.76 q=4 vt/tc=Y/Y recon=2/1 vtstat=632/965ms setval=9 meas=3 steerReady=no/not-ready tracks=(none yet)
12:34:14.062 xte=0.00 v=0.83 q=4 vt/tc=Y/Y recon=2/1 vtstat=634/21ms setval=9 meas=3 steerReady=no/not-ready tracks=(none yet)
12:34:15.079 xte=0.00 v=0.91 q=4 vt/tc=Y/Y recon=2/1 vtstat=635/31ms setval=9 meas=3 steerReady=no/not-ready tracks=(none yet)
12:34:16.142 xte=-0.01 v=0.98 q=4 vt/tc=Y/Y recon=2/1 vtstat=636/46ms setval=9 meas=3 steerReady=no/not-ready tracks=(none yet)
12:34:17.188 xte=-0.01 v=1.05 q=4 vt/tc=Y/Y recon=2/1 vtstat=637/109ms setval=9 meas=3 steerReady=no/not-ready tracks=(none yet)
12:34:18.265 xte=0.00 v=1.04 q=4 vt/tc=Y/Y recon=2/1 vtstat=638/153ms setval=9 meas=3 steerReady=no/not-ready tracks=(none yet)
12:34:19.288 xte=-0.01 v=0.70 q=4 vt/tc=Y/Y recon=2/1 vtstat=639/236ms setval=9 meas=3 steerReady=no/not-ready tracks=(none yet)
12:34:20.306 xte=-0.01 v=0.32 q=4 vt/tc=Y/Y recon=2/1 vtstat=640/256ms setval=9 meas=3 steerReady=no/not-ready tracks=(none yet)
12:34:21.337 xte=-0.01 v=0.03 q=4 vt/tc=Y/Y recon=2/1 vtstat=641/274ms setval=9 meas=3 steerReady=no/not-ready tracks=(none yet)
12:34:22.350 xte=-0.01 v=0.19 q=4 vt/tc=Y/Y recon=2/1 vtstat=642/303ms setval=9 meas=3 steerReady=no/not-ready tracks=(none yet)
12:34:23.410 xte=-0.01 v=0.20 q=4 vt/tc=Y/Y recon=2/1 vtstat=643/319ms setval=9 meas=3 steerReady=no/not-ready tracks=(none yet)
12:34:24.482 xte=-0.01 v=0.18 q=4 vt/tc=Y/Y recon=2/1 vtstat=644/380ms setval=9 meas=3 steerReady=no/not-ready tracks=(none yet)
12:34:25.494 xte=-0.01 v=0.18 q=4 vt/tc=Y/Y recon=2/1 vtstat=645/448ms setval=9 meas=3 steerReady=no/not-ready tracks=(none yet)
12:34:26.538 xte=-0.01 v=0.17 q=4 vt/tc=Y/Y recon=2/1 vtstat=646/465ms setval=9 meas=3 steerReady=no/not-ready tracks=(none yet)
12:34:27.561 xte=-0.01 v=0.17 q=4 vt/tc=Y/Y recon=2/1 vtstat=647/512ms setval=9 meas=3 steerReady=no/not-ready tracks=(none yet)
12:34:28.617 xte=-0.01 v=0.15 q=4 vt/tc=Y/Y recon=2/1 vtstat=648/529ms setval=9 meas=3 steerReady=no/not-ready tracks=(none yet)
12:34:29.635 xte=-0.01 v=0.13 q=4 vt/tc=Y/Y recon=2/1 vtstat=649/586ms setval=9 meas=3 steerReady=no/not-ready tracks=(none yet)
12:34:30.695 xte=-0.01 v=0.10 q=4 vt/tc=Y/Y recon=2/1 vtstat=650/603ms setval=9 meas=3 steerReady=no/not-ready tracks=(none yet)
12:34:31.747 xte=-0.01 v=0.09 q=4 vt/tc=Y/Y recon=2/1 vtstat=651/675ms setval=9 meas=3 steerReady=no/not-ready tracks=(none yet)
12:34:32.820 xte=-0.01 v=0.06 q=4 vt/tc=Y/Y recon=2/1 vtstat=652/716ms setval=9 meas=3 steerReady=no/not-ready tracks=(none yet)
12:34:33.881 xte=-0.01 v=0.05 q=4 vt/tc=Y/Y recon=2/1 vtstat=653/787ms setval=9 meas=3 steerReady=no/not-ready tracks=(none yet)
12:34:34.897 xte=-0.01 v=0.04 q=4 vt/tc=Y/Y recon=2/1 vtstat=654/848ms setval=9 meas=3 steerReady=no/not-ready tracks=(none yet)
12:34:35.905 xte=-0.01 v=0.03 q=4 vt/tc=Y/Y recon=2/1 vtstat=655/865ms setval=9 meas=3 steerReady=no/not-ready tracks=(none yet)
12:34:36.943 xte=-0.01 v=0.01 q=4 vt/tc=Y/Y recon=2/1 vtstat=656/872ms setval=9 meas=3 steerReady=no/not-ready tracks=(none yet)
12:34:37.955 xte=-0.01 v=0.04 q=4 vt/tc=Y/Y recon=2/1 vtstat=657/914ms setval=9 meas=3 steerReady=no/not-ready tracks=(none yet)
12:34:38.962 xte=0.01 v=0.16 q=4 vt/tc=Y/Y recon=2/1 vtstat=658/924ms setval=9 meas=3 steerReady=no/not-ready tracks=(none yet)
12:34:39.986 xte=0.01 v=0.65 q=4 vt/tc=Y/Y recon=2/1 vtstat=659/929ms setval=9 meas=3 steerReady=no/not-ready tracks=(none yet)
12:34:41.038 xte=0.00 v=1.12 q=4 vt/tc=Y/Y recon=2/1 vtstat=660/957ms setval=9 meas=3 steerReady=no/not-ready tracks=(none yet)
12:34:42.072 xte=-0.01 v=1.29 q=4 vt/tc=Y/Y recon=2/1 vtstat=662/6ms setval=9 meas=3 steerReady=no/not-ready tracks=(none yet)
12:34:43.082 xte=-0.03 v=1.25 q=4 vt/tc=Y/Y recon=2/1 vtstat=663/41ms setval=9 meas=3 steerReady=no/not-ready tracks=(none yet)
12:34:44.100 xte=-0.03 v=1.28 q=4 vt/tc=Y/Y recon=2/1 vtstat=664/53ms setval=9 meas=3 steerReady=no/not-ready tracks=(none yet)
12:34:45.100 xte=-0.03 v=1.26 q=4 vt/tc=Y/Y recon=2/1 vtstat=665/572ms setval=9 meas=3 steerReady=no/not-ready tracks=(none yet)
12:34:46.163 xte=-0.03 v=1.28 q=4 vt/tc=Y/Y recon=2/1 vtstat=666/570ms setval=9 meas=3 steerReady=no/not-ready tracks=(none yet)
