12:12:55.880 xte=0.86 speed=0.01 q=4 vt/tc=Y/Y tracks=(none yet) payload=0000000000000000
12:12:57.077 xte=0.86 speed=0.00 q=4 vt/tc=Y/Y tracks=(none yet) payload=0000000000000000
12:12:58.139 xte=0.86 speed=0.00 q=4 vt/tc=Y/Y tracks=(none yet) payload=0000000000000000
12:12:59.176 xte=0.86 speed=0.01 q=4 vt/tc=Y/Y tracks=(none yet) payload=0000000000000000
12:13:00.195 xte=0.86 speed=0.00 q=4 vt/tc=Y/Y tracks=(none yet) payload=0000000000000000
12:13:01.251 xte=0.86 speed=0.00 q=4 vt/tc=Y/Y tracks=(none yet) payload=0000000000000000
12:13:02.262 xte=0.86 speed=0.00 q=4 vt/tc=Y/Y tracks=(none yet) payload=0000000000000000
12:13:03.269 xte=0.86 speed=0.00 q=4 vt/tc=Y/Y tracks=(none yet) payload=92FF803EFCFFFFFF
12:13:04.269 xte=0.86 speed=0.01 q=4 vt/tc=Y/Y tracks=(none yet) payload=0000000000000000
12:13:05.285 xte=0.86 speed=0.00 q=4 vt/tc=Y/Y tracks=(none yet) payload=92FF803EFCFFFFFF
12:13:06.353 xte=0.86 speed=0.01 q=4 vt/tc=Y/Y tracks=(none yet) payload=0000000000000000
12:13:07.396 xte=0.86 speed=0.00 q=4 vt/tc=Y/Y tracks=(none yet) payload=0000000000000000
12:13:08.411 xte=0.86 speed=0.00 q=4 vt/tc=Y/Y tracks=(none yet) payload=0000000000000000
12:13:09.418 xte=0.86 speed=0.01 q=4 vt/tc=Y/Y tracks=(none yet) payload=0000000000000000
12:13:10.425 xte=0.86 speed=0.00 q=4 vt/tc=Y/Y tracks=(none yet) payload=0000000000000000
12:13:11.430 xte=0.86 speed=0.00 q=4 vt/tc=Y/Y tracks=(none yet) payload=0000000000000000
12:13:12.483 xte=0.86 speed=0.00 q=4 vt/tc=Y/Y tracks=(none yet) payload=0000000000000000
12:13:13.545 xte=0.86 speed=0.00 q=4 vt/tc=Y/Y tracks=(none yet) payload=0000000000000000
12:13:14.588 xte=0.86 speed=0.00 q=4 vt/tc=Y/Y tracks=(none yet) payload=0000000000000000
12:13:15.607 xte=0.86 speed=0.00 q=4 vt/tc=Y/Y tracks=(none yet) payload=0000000000000000
12:13:16.625 xte=0.86 speed=0.00 q=4 vt/tc=Y/Y tracks=(none yet) payload=0000000000000000
12:13:17.656 xte=0.86 speed=0.00 q=4 vt/tc=Y/Y tracks=(none yet) payload=0000000000000000
12:13:18.676 xte=0.86 speed=0.00 q=4 vt/tc=Y/Y tracks=(none yet) payload=0000000000000000
12:13:19.685 xte=0.86 speed=0.00 q=4 vt/tc=Y/Y tracks=(none yet) payload=0000000000000000
12:13:20.741 xte=0.86 speed=0.01 q=4 vt/tc=Y/Y tracks=(none yet) payload=0000000000000000
12:13:21.759 xte=0.86 speed=0.00 q=4 vt/tc=Y/Y tracks=(none yet) payload=0000000000000000
12:13:22.792 xte=0.86 speed=0.00 q=4 vt/tc=Y/Y tracks=(none yet) payload=0000000000000000
12:13:23.848 xte=0.86 speed=0.00 q=4 vt/tc=Y/Y tracks=(none yet) payload=0000000000000000
12:13:24.871 xte=0.86 speed=0.01 q=4 vt/tc=Y/Y tracks=(none yet) payload=0000000000000000
12:13:25.895 xte=0.86 speed=0.00 q=4 vt/tc=Y/Y tracks=(none yet) payload=771510AD7D1486FF
12:13:26.930 xte=0.86 speed=0.00 q=4 vt/tc=Y/Y tracks=(none yet) payload=0000000000000000
12:13:27.976 xte=0.86 speed=0.01 q=4 vt/tc=Y/Y tracks=(none yet) payload=0000000000000000
12:13:29.044 xte=0.86 speed=0.01 q=4 vt/tc=Y/Y tracks=(none yet) payload=0000000000000000
12:13:31.553 xte=-0.13 speed=0.89 q=4 vt/tc=Y/Y tracks=(none yet) payload=0000000000000000
12:13:32.613 xte=0.40 speed=1.05 q=4 vt/tc=Y/Y tracks=(none yet) payload=0000000000000000
12:13:33.634 xte=0.84 speed=0.84 q=4 vt/tc=Y/Y tracks=(none yet) payload=0000000000000000
12:13:34.658 xte=1.03 speed=0.37 q=4 vt/tc=Y/Y tracks=(none yet) payload=0000000000000000
12:13:35.695 xte=1.04 speed=0.04 q=4 vt/tc=Y/Y tracks=(none yet) payload=771510D17DA385FF
12:13:36.709 xte=0.98 speed=0.04 q=4 vt/tc=Y/Y tracks=(none yet) payload=0000000000000000
12:13:37.728 xte=0.98 speed=0.01 q=4 vt/tc=Y/Y tracks=(none yet) payload=0000000000000000
12:13:38.761 xte=0.98 speed=0.01 q=4 vt/tc=Y/Y tracks=(none yet) payload=0000000000000000
12:13:39.787 xte=0.98 speed=0.00 q=4 vt/tc=Y/Y tracks=(none yet) payload=0000000000000000
12:13:40.789 xte=0.98 speed=0.00 q=4 vt/tc=Y/Y tracks=(none yet) payload=0000000000000000
12:13:41.812 xte=0.98 speed=0.00 q=4 vt/tc=Y/Y tracks=(none yet) payload=0000000000000000
12:13:42.862 xte=0.98 speed=0.00 q=4 vt/tc=Y/Y tracks=(none yet) payload=0000000000000000
12:13:43.890 xte=0.98 speed=0.00 q=4 vt/tc=Y/Y tracks=(none yet) payload=771510C57DA485FF
12:13:44.905 xte=0.98 speed=0.00 q=4 vt/tc=Y/Y tracks=(none yet) payload=0000000000000000
12:13:45.973 xte=0.98 speed=0.00 q=4 vt/tc=Y/Y tracks=(none yet) payload=0000000000000000
12:13:47.044 xte=0.98 speed=0.00 q=4 vt/tc=Y/Y tracks=(none yet) payload=0000000000000000
12:13:48.101 xte=0.98 speed=0.00 q=4 vt/tc=Y/Y tracks=(none yet) payload=0000000000000000
12:13:49.109 xte=0.98 speed=0.01 q=4 vt/tc=Y/Y tracks=(none yet) payload=0000000000000000
12:13:50.163 xte=0.98 speed=0.00 q=4 vt/tc=Y/Y tracks=(none yet) payload=0000000000000000
12:13:51.203 xte=0.98 speed=0.00 q=4 vt/tc=Y/Y tracks=(none yet) payload=0000000000000000
12:13:52.264 xte=0.98 speed=0.00 q=4 vt/tc=Y/Y tracks=(none yet) payload=0000000000000000
12:13:53.285 xte=0.98 speed=0.00 q=4 vt/tc=Y/Y tracks=(none yet) payload=92FF803EFCFFFFFF
12:13:54.310 xte=0.98 speed=0.00 q=4 vt/tc=Y/Y tracks=(none yet) payload=0000000000000000
12:13:55.367 xte=0.98 speed=0.00 q=4 vt/tc=Y/Y tracks=(none yet) payload=0000000000000000
12:13:56.427 xte=0.98 speed=0.01 q=4 vt/tc=Y/Y tracks=(none yet) payload=0000000000000000
12:13:57.496 xte=0.98 speed=0.00 q=4 vt/tc=Y/Y tracks=(none yet) payload=0000000000000000
12:13:58.531 xte=0.98 speed=0.00 q=4 vt/tc=Y/Y tracks=(none yet) payload=0000000000000000
12:13:59.552 xte=0.98 speed=0.00 q=4 vt/tc=Y/Y tracks=(none yet) payload=0000000000000000
12:14:00.580 xte=0.98 speed=0.00 q=4 vt/tc=Y/Y tracks=(none yet) payload=0000000000000000
12:14:01.619 xte=0.98 speed=0.00 q=4 vt/tc=Y/Y tracks=(none yet) payload=0000000000000000
12:14:02.696 xte=0.98 speed=0.01 q=4 vt/tc=Y/Y tracks=(none yet) payload=0000000000000000
12:14:03.713 xte=0.98 speed=0.01 q=4 vt/tc=Y/Y tracks=(none yet) payload=0000000000000000
12:14:04.728 xte=0.98 speed=0.00 q=4 vt/tc=Y/Y tracks=(none yet) payload=0000000000000000
12:14:05.746 xte=0.98 speed=0.00 q=4 vt/tc=Y/Y tracks=(none yet) payload=0000000000000000
12:14:06.763 xte=0.98 speed=0.00 q=4 vt/tc=Y/Y tracks=(none yet) payload=0000000000000000
12:14:07.790 xte=0.98 speed=0.00 q=4 vt/tc=Y/Y tracks=(none yet) payload=0000000000000000
12:14:08.797 xte=0.98 speed=0.00 q=4 vt/tc=Y/Y tracks=(none yet) payload=0000000000000000
12:14:09.820 xte=0.98 speed=0.00 q=4 vt/tc=Y/Y tracks=(none yet) payload=0000000000000000
12:14:10.829 xte=0.98 speed=0.00 q=4 vt/tc=Y/Y tracks=(none yet) payload=0000000000000000
12:14:11.848 xte=0.98 speed=0.01 q=4 vt/tc=Y/Y tracks=(none yet) payload=0000000000000000
12:14:12.883 xte=0.98 speed=0.01 q=4 vt/tc=Y/Y tracks=(none yet) payload=0000000000000000
12:14:13.923 xte=0.98 speed=0.00 q=4 vt/tc=Y/Y tracks=(none yet) payload=0000000000000000
12:14:14.953 xte=0.98 speed=0.01 q=4 vt/tc=Y/Y tracks=(none yet) payload=0000000000000000
12:14:15.977 xte=0.98 speed=0.00 q=4 vt/tc=Y/Y tracks=(none yet) payload=0000000000000000
12:14:17.011 xte=0.98 speed=0.01 q=4 vt/tc=Y/Y tracks=(none yet) payload=0000000000000000
12:14:18.034 xte=0.98 speed=0.00 q=4 vt/tc=Y/Y tracks=(none yet) payload=0000000000000000
12:14:19.048 xte=0.98 speed=0.00 q=4 vt/tc=Y/Y tracks=(none yet) payload=0000000000000000
12:14:20.084 xte=0.98 speed=0.00 q=4 vt/tc=Y/Y tracks=(none yet) payload=0000000000000000
12:14:21.112 xte=0.98 speed=0.01 q=4 vt/tc=Y/Y tracks=(none yet) payload=0000000000000000
12:14:22.137 xte=0.98 speed=0.00 q=4 vt/tc=Y/Y tracks=(none yet) payload=0000000000000000
12:14:23.161 xte=0.98 speed=0.00 q=4 vt/tc=Y/Y tracks=(none yet) payload=0000000000000000
12:14:24.231 xte=0.98 speed=0.01 q=4 vt/tc=Y/Y tracks=(none yet) payload=0000000000000000
12:14:25.258 xte=0.98 speed=0.00 q=4 vt/tc=Y/Y tracks=(none yet) payload=0000000000000000
12:14:26.278 xte=0.98 speed=0.00 q=4 vt/tc=Y/Y tracks=(none yet) payload=0000000000000000
12:14:27.311 xte=0.98 speed=0.01 q=4 vt/tc=Y/Y tracks=(none yet) payload=0000000000000000
12:14:28.359 xte=0.98 speed=0.00 q=4 vt/tc=Y/Y tracks=(none yet) payload=0000000000000000
12:14:29.415 xte=0.98 speed=0.00 q=4 vt/tc=Y/Y tracks=(none yet) payload=0000000000000000
12:14:30.459 xte=0.98 speed=0.00 q=4 vt/tc=Y/Y tracks=(none yet) payload=0000000000000000
12:14:31.465 xte=0.98 speed=0.00 q=4 vt/tc=Y/Y tracks=(none yet) payload=0000000000000000
12:14:32.535 xte=0.98 speed=0.00 q=4 vt/tc=Y/Y tracks=(none yet) payload=771510C57DA485FF
12:14:33.603 xte=0.98 speed=0.01 q=4 vt/tc=Y/Y tracks=(none yet) payload=0000000000000000
12:14:34.617 xte=0.98 speed=0.00 q=4 vt/tc=Y/Y tracks=(none yet) payload=0000000000000000
12:14:35.635 xte=0.98 speed=0.01 q=4 vt/tc=Y/Y tracks=(none yet) payload=0000000000000000
12:14:36.682 xte=0.98 speed=0.01 q=4 vt/tc=Y/Y tracks=(none yet) payload=0000000000000000
12:14:37.714 xte=-0.83 speed=0.36 q=4 vt/tc=Y/Y tracks=(none yet) payload=0000000000000000
12:14:38.732 xte=-0.49 speed=0.68 q=4 vt/tc=Y/Y tracks=(none yet) payload=0000000000000000
12:14:39.761 xte=-0.14 speed=0.64 q=4 vt/tc=Y/Y tracks=(none yet) payload=0000000000000000
12:14:40.778 xte=0.00 speed=0.25 q=4 vt/tc=Y/Y tracks=(none yet) payload=0000000000000000
12:14:41.825 xte=-0.01 speed=0.05 q=4 vt/tc=Y/Y tracks=(none yet) payload=0000000000000000
12:14:42.850 xte=-0.07 speed=0.05 q=4 vt/tc=Y/Y tracks=(none yet) payload=0000000000000000
12:14:43.917 xte=-0.07 speed=0.00 q=4 vt/tc=Y/Y tracks=(none yet) payload=0000000000000000
12:14:44.930 xte=-0.07 speed=0.01 q=4 vt/tc=Y/Y tracks=(none yet) payload=0000000000000000
12:14:45.964 xte=-0.07 speed=0.01 q=4 vt/tc=Y/Y tracks=(none yet) payload=0000000000000000
12:14:46.999 xte=-0.07 speed=0.00 q=4 vt/tc=Y/Y tracks=(none yet) payload=0000000000000000
12:14:48.023 xte=-0.07 speed=0.00 q=4 vt/tc=Y/Y tracks=(none yet) payload=0000000000000000
12:14:49.044 xte=-0.07 speed=0.00 q=4 vt/tc=Y/Y tracks=(none yet) payload=0000000000000000
12:14:50.052 xte=-0.07 speed=0.00 q=4 vt/tc=Y/Y tracks=(none yet) payload=0000000000000000
12:14:51.081 xte=-0.07 speed=0.01 q=4 vt/tc=Y/Y tracks=(none yet) payload=0000000000000000
12:14:52.097 xte=-0.07 speed=0.00 q=4 vt/tc=Y/Y tracks=(none yet) payload=0000000000000000
12:14:53.127 xte=-0.07 speed=0.00 q=4 vt/tc=Y/Y tracks=(none yet) payload=0000000000000000
12:14:54.178 xte=-0.07 speed=0.00 q=4 vt/tc=Y/Y tracks=(none yet) payload=0000000000000000
12:14:55.194 xte=-0.07 speed=0.00 q=4 vt/tc=Y/Y tracks=(none yet) payload=0000000000000000
12:14:56.212 xte=-0.07 speed=0.00 q=4 vt/tc=Y/Y tracks=(none yet) payload=0000000000000000
12:14:57.230 xte=-0.07 speed=0.00 q=4 vt/tc=Y/Y tracks=(none yet) payload=0000000000000000
12:14:58.290 xte=-0.07 speed=0.01 q=4 vt/tc=Y/Y tracks=(none yet) payload=0000000000000000
12:14:59.297 xte=-0.07 speed=0.00 q=4 vt/tc=Y/Y tracks=(none yet) payload=0000000000000000
12:15:00.314 xte=-0.07 speed=0.00 q=4 vt/tc=Y/Y tracks=(none yet) payload=0000000000000000
12:15:01.347 xte=-0.07 speed=0.00 q=4 vt/tc=Y/Y tracks=(none yet) payload=0000000000000000
12:15:02.377 xte=-0.07 speed=0.01 q=4 vt/tc=Y/Y tracks=(none yet) payload=0000000000000000
12:15:03.429 xte=-0.07 speed=0.00 q=4 vt/tc=Y/Y tracks=(none yet) payload=0000000000000000
12:15:04.490 xte=-0.07 speed=0.00 q=4 vt/tc=Y/Y tracks=(none yet) payload=0000000000000000
12:15:05.557 xte=-0.07 speed=0.00 q=4 vt/tc=Y/Y tracks=(none yet) payload=0000000000000000
12:15:06.591 xte=-0.07 speed=0.00 q=4 vt/tc=Y/Y tracks=(none yet) payload=0000000000000000
12:15:07.608 xte=-0.07 speed=0.00 q=4 vt/tc=Y/Y tracks=(none yet) payload=0000000000000000
12:15:08.627 xte=-0.07 speed=0.00 q=4 vt/tc=Y/Y tracks=(none yet) payload=0000000000000000
12:15:09.642 xte=-0.07 speed=0.00 q=4 vt/tc=Y/Y tracks=(none yet) payload=0000000000000000
12:15:10.657 xte=-0.01 speed=0.13 q=4 vt/tc=Y/Y tracks=(none yet) payload=0000000000000000
12:15:11.675 xte=0.05 speed=0.05 q=4 vt/tc=Y/Y tracks=(none yet) payload=7715100B7D6785FF
12:15:12.690 xte=-0.01 speed=0.10 q=4 vt/tc=Y/Y tracks=(none yet) payload=0000000000000000
12:15:13.761 xte=0.08 speed=0.20 q=4 vt/tc=Y/Y tracks=(none yet) payload=0000000000000000
12:15:14.779 xte=0.25 speed=0.33 q=4 vt/tc=Y/Y tracks=(none yet) payload=0000000000000000
12:15:15.788 xte=0.29 speed=0.04 q=4 vt/tc=Y/Y tracks=(none yet) payload=0000000000000000
12:15:16.815 xte=0.23 speed=0.09 q=4 vt/tc=Y/Y tracks=(none yet) payload=0000000000000000
12:15:17.878 xte=0.22 speed=0.02 q=4 vt/tc=Y/Y tracks=(none yet) payload=0000000000000000
12:15:18.895 xte=0.22 speed=0.00 q=4 vt/tc=Y/Y tracks=(none yet) payload=0000000000000000
12:15:19.904 xte=0.22 speed=0.01 q=4 vt/tc=Y/Y tracks=(none yet) payload=0000000000000000
12:15:20.912 xte=0.22 speed=0.01 q=4 vt/tc=Y/Y tracks=(none yet) payload=0000000000000000
12:15:21.948 xte=0.22 speed=0.00 q=4 vt/tc=Y/Y tracks=(none yet) payload=0000000000000000
12:15:22.981 xte=0.22 speed=0.00 q=4 vt/tc=Y/Y tracks=(none yet) payload=0000000000000000
12:15:23.996 xte=0.22 speed=0.00 q=4 vt/tc=Y/Y tracks=(none yet) payload=0000000000000000
12:15:25.031 xte=0.22 speed=0.00 q=4 vt/tc=Y/Y tracks=(none yet) payload=0000000000000000
12:15:26.038 xte=0.22 speed=0.00 q=4 vt/tc=Y/Y tracks=(none yet) payload=0000000000000000
12:15:27.063 xte=0.22 speed=0.00 q=4 vt/tc=Y/Y tracks=(none yet) payload=0000000000000000
12:15:28.077 xte=0.22 speed=0.00 q=4 vt/tc=Y/Y tracks=(none yet) payload=0000000000000000
12:15:29.105 xte=0.22 speed=0.01 q=4 vt/tc=Y/Y tracks=(none yet) payload=0000000000000000
12:15:30.148 xte=0.22 speed=0.01 q=4 vt/tc=Y/Y tracks=(none yet) payload=0000000000000000
12:15:31.155 xte=0.22 speed=0.00 q=4 vt/tc=Y/Y tracks=(none yet) payload=0000000000000000
12:15:32.183 xte=0.22 speed=0.00 q=4 vt/tc=Y/Y tracks=(none yet) payload=0000000000000000
12:15:33.202 xte=0.22 speed=0.00 q=4 vt/tc=Y/Y tracks=(none yet) payload=0000000000000000
12:15:34.218 xte=0.22 speed=0.00 q=4 vt/tc=Y/Y tracks=(none yet) payload=0000000000000000
12:15:35.254 xte=0.22 speed=0.00 q=4 vt/tc=Y/Y tracks=(none yet) payload=0000000000000000
12:15:36.317 xte=0.22 speed=0.00 q=4 vt/tc=Y/Y tracks=(none yet) payload=0000000000000000
12:15:37.366 xte=0.22 speed=0.01 q=4 vt/tc=Y/Y tracks=(none yet) payload=0000000000000000
12:15:38.414 xte=0.22 speed=0.00 q=4 vt/tc=Y/Y tracks=(none yet) payload=0000000000000000
12:15:39.436 xte=0.22 speed=0.01 q=4 vt/tc=Y/Y tracks=(none yet) payload=0000000000000000
12:15:40.461 xte=0.22 speed=0.00 q=4 vt/tc=Y/Y tracks=(none yet) payload=0000000000000000
12:15:41.528 xte=0.22 speed=0.04 q=4 vt/tc=Y/Y tracks=(none yet) payload=0000000000000000
12:15:42.537 xte=-0.11 speed=0.22 q=4 vt/tc=Y/Y tracks=(none yet) payload=0000000000000000
12:15:43.598 xte=0.04 speed=0.28 q=4 vt/tc=Y/Y tracks=(none yet) payload=0000000000000000
12:15:44.616 xte=0.06 speed=0.02 q=4 vt/tc=Y/Y tracks=(none yet) payload=0000000000000000
12:15:45.675 xte=-0.01 speed=0.08 q=4 vt/tc=Y/Y tracks=(none yet) payload=0000000000000000
12:15:46.696 xte=-0.01 speed=0.01 q=4 vt/tc=Y/Y tracks=(none yet) payload=0000000000000000
12:15:47.748 xte=-0.01 speed=0.00 q=4 vt/tc=Y/Y tracks=(none yet) payload=0000000000000000
12:15:48.764 xte=-0.01 speed=0.01 q=4 vt/tc=Y/Y tracks=(none yet) payload=0000000000000000
12:15:49.779 xte=-0.01 speed=0.01 q=4 vt/tc=Y/Y tracks=(none yet) payload=0000000000000000
12:15:50.803 xte=-0.01 speed=0.02 q=4 vt/tc=Y/Y tracks=(none yet) payload=0000000000000000
12:15:51.813 xte=-0.01 speed=0.01 q=4 vt/tc=Y/Y tracks=(none yet) payload=0000000000000000
12:15:52.833 xte=-0.01 speed=0.00 q=4 vt/tc=Y/Y tracks=(none yet) payload=0000000000000000
12:15:53.845 xte=-0.01 speed=0.01 q=4 vt/tc=Y/Y tracks=(none yet) payload=0000000000000000
12:15:54.904 xte=-0.01 speed=0.00 q=4 vt/tc=Y/Y tracks=(none yet) payload=0000000000000000
12:15:55.916 xte=-0.01 speed=0.01 q=4 vt/tc=Y/Y tracks=(none yet) payload=0000000000000000
12:15:56.948 xte=-0.01 speed=0.01 q=4 vt/tc=Y/Y tracks=(none yet) payload=0000000000000000
12:15:57.953 xte=-0.01 speed=0.01 q=4 vt/tc=Y/Y tracks=(none yet) payload=0000000000000000
12:15:58.983 xte=-0.01 speed=0.00 q=4 vt/tc=Y/Y tracks=(none yet) payload=0000000000000000
12:16:00.027 xte=-0.01 speed=0.01 q=4 vt/tc=Y/Y tracks=(none yet) payload=0000000000000000
12:16:01.060 xte=0.11 speed=0.20 q=4 vt/tc=Y/Y tracks=(none yet) payload=0000000000000000
12:16:02.081 xte=0.05 speed=0.12 q=4 vt/tc=Y/Y tracks=(none yet) payload=7715100A7D3485FF
12:16:03.145 xte=0.00 speed=0.06 q=4 vt/tc=Y/Y tracks=(none yet) payload=0000000000000000
12:16:04.181 xte=0.00 speed=0.03 q=4 vt/tc=Y/Y tracks=(none yet) payload=0000000000000000
12:16:05.220 xte=0.00 speed=0.01 q=4 vt/tc=Y/Y tracks=(none yet) payload=0000000000000000
12:16:06.263 xte=0.00 speed=0.00 q=4 vt/tc=Y/Y tracks=(none yet) payload=0000000000000000
12:16:07.274 xte=0.00 speed=0.00 q=4 vt/tc=Y/Y tracks=(none yet) payload=92FF803EFCFFFFFF
12:16:08.328 xte=-0.01 speed=0.09 q=4 vt/tc=Y/Y tracks=(none yet) payload=0000000000000000
12:16:09.340 xte=0.09 speed=0.11 q=4 vt/tc=Y/Y tracks=(none yet) payload=0000000000000000
12:16:10.366 xte=0.05 speed=0.08 q=4 vt/tc=Y/Y tracks=(none yet) payload=0000000000000000
12:16:11.402 xte=0.01 speed=0.05 q=4 vt/tc=Y/Y tracks=(none yet) payload=0000000000000000
12:16:12.419 xte=0.01 speed=0.01 q=4 vt/tc=Y/Y tracks=(none yet) payload=0000000000000000
12:16:13.464 xte=0.01 speed=0.02 q=4 vt/tc=Y/Y tracks=(none yet) payload=0000000000000000
12:16:14.497 xte=0.05 speed=0.08 q=4 vt/tc=Y/Y tracks=(none yet) payload=0000000000000000
12:16:15.518 xte=0.01 speed=0.08 q=4 vt/tc=Y/Y tracks=(none yet) payload=0000000000000000
12:16:16.549 xte=-0.01 speed=0.01 q=4 vt/tc=Y/Y tracks=(none yet) payload=0000000000000000
12:16:17.576 xte=-0.01 speed=0.01 q=4 vt/tc=Y/Y tracks=(none yet) payload=0000000000000000
12:16:18.625 xte=-0.01 speed=0.00 q=4 vt/tc=Y/Y tracks=(none yet) payload=0000000000000000
12:16:19.685 xte=-0.01 speed=0.00 q=4 vt/tc=Y/Y tracks=(none yet) payload=0000000000000000
12:16:20.710 xte=-0.01 speed=0.00 q=4 vt/tc=Y/Y tracks=(none yet) payload=0000000000000000
12:16:21.722 xte=-0.01 speed=0.00 q=4 vt/tc=Y/Y tracks=(none yet) payload=0000000000000000
12:16:22.748 xte=-0.01 speed=0.00 q=4 vt/tc=Y/Y tracks=(none yet) payload=0000000000000000
12:16:23.781 xte=-0.01 speed=0.00 q=4 vt/tc=Y/Y tracks=(none yet) payload=0000000000000000
12:16:24.805 xte=-0.01 speed=0.00 q=4 vt/tc=Y/Y tracks=(none yet) payload=0000000000000000
12:16:25.848 xte=-0.01 speed=0.00 q=4 vt/tc=Y/Y tracks=(none yet) payload=0000000000000000
12:16:26.880 xte=-0.01 speed=0.00 q=4 vt/tc=Y/Y tracks=(none yet) payload=0000000000000000
12:16:27.890 xte=-0.01 speed=0.00 q=4 vt/tc=Y/Y tracks=(none yet) payload=0000000000000000
12:16:28.970 xte=-0.01 speed=0.00 q=4 vt/tc=Y/Y tracks=(none yet) payload=0000000000000000
12:16:30.041 xte=-0.01 speed=0.00 q=4 vt/tc=Y/Y tracks=(none yet) payload=0000000000000000
12:16:31.065 xte=-0.01 speed=0.00 q=4 vt/tc=Y/Y tracks=(none yet) payload=0000000000000000
12:16:32.096 xte=-0.01 speed=0.00 q=4 vt/tc=Y/Y tracks=(none yet) payload=0000000000000000
12:16:33.183 xte=-0.01 speed=0.00 q=4 vt/tc=Y/Y tracks=(none yet) payload=0000000000000000
12:16:34.230 xte=-0.01 speed=0.01 q=4 vt/tc=Y/Y tracks=(none yet) payload=0000000000000000
12:16:35.266 xte=-0.01 speed=0.00 q=4 vt/tc=Y/Y tracks=(none yet) payload=0000000000000000
12:16:36.304 xte=-0.01 speed=0.00 q=4 vt/tc=Y/Y tracks=(none yet) payload=0000000000000000
12:16:37.325 xte=-0.01 speed=0.00 q=4 vt/tc=Y/Y tracks=(none yet) payload=0000000000000000
12:16:38.376 xte=-0.01 speed=0.01 q=4 vt/tc=Y/Y tracks=(none yet) payload=0000000000000000
12:16:39.416 xte=-0.01 speed=0.00 q=4 vt/tc=Y/Y tracks=(none yet) payload=0000000000000000
12:16:40.482 xte=-0.01 speed=0.01 q=4 vt/tc=Y/Y tracks=(none yet) payload=0000000000000000
12:16:41.526 xte=-0.01 speed=0.00 q=4 vt/tc=Y/Y tracks=(none yet) payload=0000000000000000
12:16:42.593 xte=-0.01 speed=0.00 q=4 vt/tc=Y/Y tracks=(none yet) payload=0000000000000000
12:16:43.704 xte=-0.01 speed=0.00 q=4 vt/tc=Y/Y tracks=(none yet) payload=0000000000000000
12:16:44.720 xte=-0.01 speed=0.00 q=4 vt/tc=Y/Y tracks=(none yet) payload=0000000000000000
12:16:45.763 xte=-0.01 speed=0.00 q=4 vt/tc=Y/Y tracks=(none yet) payload=0000000000000000
12:16:46.830 xte=-0.01 speed=0.01 q=4 vt/tc=Y/Y tracks=(none yet) payload=0000000000000000
12:16:47.870 xte=-0.01 speed=0.00 q=4 vt/tc=Y/Y tracks=(none yet) payload=0000000000000000
12:16:48.897 xte=-0.01 speed=0.00 q=4 vt/tc=Y/Y tracks=(none yet) payload=0000000000000000
12:16:49.913 xte=-0.01 speed=0.01 q=4 vt/tc=Y/Y tracks=(none yet) payload=0000000000000000
12:16:50.964 xte=-0.01 speed=0.00 q=4 vt/tc=Y/Y tracks=(none yet) payload=0000000000000000
12:16:51.980 xte=-0.01 speed=0.00 q=4 vt/tc=Y/Y tracks=(none yet) payload=0000000000000000
12:16:53.035 xte=-0.01 speed=0.00 q=4 vt/tc=Y/Y tracks=(none yet) payload=0000000000000000
12:16:54.080 xte=-0.01 speed=0.01 q=4 vt/tc=Y/Y tracks=(none yet) payload=0000000000000000
12:16:55.108 xte=-0.01 speed=0.00 q=4 vt/tc=Y/Y tracks=(none yet) payload=0000000000000000
12:16:56.131 xte=-0.01 speed=0.01 q=4 vt/tc=Y/Y tracks=(none yet) payload=0000000000000000
12:16:57.177 xte=-0.01 speed=0.00 q=4 vt/tc=Y/Y tracks=(none yet) payload=0000000000000000
12:16:58.240 xte=-0.01 speed=0.00 q=4 vt/tc=Y/Y tracks=(none yet) payload=0000000000000000
12:16:59.268 xte=-0.01 speed=0.01 q=4 vt/tc=Y/Y tracks=(none yet) payload=0000000000000000
12:17:00.349 xte=-0.01 speed=0.00 q=4 vt/tc=Y/Y tracks=(none yet) payload=0000000000000000
12:17:01.385 xte=-0.01 speed=0.01 q=4 vt/tc=Y/Y tracks=(none yet) payload=0000000000000000
12:17:02.397 xte=-0.01 speed=0.01 q=4 vt/tc=Y/Y tracks=(none yet) payload=0000000000000000
12:17:03.435 xte=-0.01 speed=0.00 q=4 vt/tc=Y/Y tracks=(none yet) payload=0000000000000000
12:17:04.458 xte=-0.01 speed=0.00 q=4 vt/tc=Y/Y tracks=(none yet) payload=0000000000000000
12:17:05.504 xte=-0.01 speed=0.00 q=4 vt/tc=Y/Y tracks=(none yet) payload=0000000000000000
12:17:06.578 xte=-0.01 speed=0.00 q=4 vt/tc=Y/Y tracks=(none yet) payload=0000000000000000
12:17:07.612 xte=-0.01 speed=0.01 q=4 vt/tc=Y/Y tracks=(none yet) payload=0000000000000000
12:17:08.659 xte=-0.01 speed=0.00 q=4 vt/tc=Y/Y tracks=(none yet) payload=0000000000000000
12:17:09.709 xte=-0.01 speed=0.00 q=4 vt/tc=Y/Y tracks=(none yet) payload=771510FF7C2E85FF
12:17:10.739 xte=-0.01 speed=0.00 q=4 vt/tc=Y/Y tracks=(none yet) payload=0000000000000000
12:17:11.778 xte=-0.01 speed=0.00 q=4 vt/tc=Y/Y tracks=(none yet) payload=0000000000000000
12:17:12.815 xte=-0.01 speed=0.00 q=4 vt/tc=Y/Y tracks=(none yet) payload=0000000000000000
12:17:13.870 xte=-0.01 speed=0.00 q=4 vt/tc=Y/Y tracks=(none yet) payload=0000000000000000
12:17:14.930 xte=-0.01 speed=0.01 q=4 vt/tc=Y/Y tracks=(none yet) payload=0000000000000000
12:17:15.954 xte=-0.01 speed=0.00 q=4 vt/tc=Y/Y tracks=(none yet) payload=0000000000000000
12:17:16.986 xte=-0.01 speed=0.00 q=4 vt/tc=Y/Y tracks=(none yet) payload=0000000000000000
12:17:18.036 xte=-0.01 speed=0.00 q=4 vt/tc=Y/Y tracks=(none yet) payload=0000000000000000
12:17:19.060 xte=-0.01 speed=0.01 q=4 vt/tc=Y/Y tracks=(none yet) payload=0000000000000000
12:17:20.098 xte=-0.01 speed=0.00 q=4 vt/tc=Y/Y tracks=(none yet) payload=0000000000000000
12:17:21.155 xte=-0.01 speed=0.01 q=4 vt/tc=Y/Y tracks=(none yet) payload=0000000000000000
12:17:22.165 xte=-0.01 speed=0.01 q=4 vt/tc=Y/Y tracks=(none yet) payload=0000000000000000
12:17:23.202 xte=-0.01 speed=0.01 q=4 vt/tc=Y/Y tracks=(none yet) payload=0000000000000000
12:17:24.269 xte=-0.01 speed=0.00 q=4 vt/tc=Y/Y tracks=(none yet) payload=0000000000000000
12:17:25.296 xte=-0.01 speed=0.00 q=4 vt/tc=Y/Y tracks=(none yet) payload=0000000000000000
12:17:26.342 xte=-0.01 speed=0.00 q=4 vt/tc=Y/Y tracks=(none yet) payload=0000000000000000
12:17:27.371 xte=-0.01 speed=0.00 q=4 vt/tc=Y/Y tracks=(none yet) payload=0000000000000000
12:17:28.418 xte=-0.01 speed=0.01 q=4 vt/tc=Y/Y tracks=(none yet) payload=0000000000000000
12:17:29.431 xte=-0.01 speed=0.00 q=4 vt/tc=Y/Y tracks=(none yet) payload=0000000000000000
12:17:30.467 xte=-0.01 speed=0.00 q=4 vt/tc=Y/Y tracks=(none yet) payload=0000000000000000
12:17:31.507 xte=-0.01 speed=0.01 q=4 vt/tc=Y/Y tracks=(none yet) payload=771510FF7C2E85FF
12:17:32.555 xte=-0.01 speed=0.00 q=4 vt/tc=Y/Y tracks=(none yet) payload=0000000000000000
12:17:33.576 xte=-0.01 speed=0.00 q=4 vt/tc=Y/Y tracks=(none yet) payload=0000000000000000
12:17:34.588 xte=-0.01 speed=0.01 q=4 vt/tc=Y/Y tracks=(none yet) payload=0000000000000000
12:17:35.631 xte=-0.01 speed=0.00 q=4 vt/tc=Y/Y tracks=(none yet) payload=0000000000000000
12:17:36.698 xte=-0.01 speed=0.00 q=4 vt/tc=Y/Y tracks=(none yet) payload=0000000000000000
12:17:37.709 xte=-0.01 speed=0.00 q=4 vt/tc=Y/Y tracks=(none yet) payload=0000000000000000
12:17:38.760 xte=-0.01 speed=0.00 q=4 vt/tc=Y/Y tracks=(none yet) payload=0000000000000000
12:17:39.815 xte=-0.01 speed=0.00 q=4 vt/tc=Y/Y tracks=(none yet) payload=0000000000000000
12:17:40.853 xte=-0.01 speed=0.01 q=4 vt/tc=Y/Y tracks=(none yet) payload=0000000000000000
12:17:41.883 xte=-0.01 speed=0.01 q=4 vt/tc=Y/Y tracks=(none yet) payload=0000000000000000
12:17:42.920 xte=-0.01 speed=0.00 q=4 vt/tc=Y/Y tracks=(none yet) payload=0000000000000000
12:17:43.978 xte=-0.01 speed=0.00 q=4 vt/tc=Y/Y tracks=(none yet) payload=0000000000000000
12:17:44.986 xte=-0.01 speed=0.00 q=4 vt/tc=Y/Y tracks=(none yet) payload=0000000000000000
12:17:46.039 xte=-0.01 speed=0.00 q=4 vt/tc=Y/Y tracks=(none yet) payload=0000000000000000
12:17:47.060 xte=-0.01 speed=0.00 q=4 vt/tc=Y/Y tracks=(none yet) payload=0000000000000000
12:17:48.096 xte=-0.01 speed=0.00 q=4 vt/tc=Y/Y tracks=(none yet) payload=771510FF7C2E85FF
12:17:49.139 xte=-0.01 speed=0.00 q=4 vt/tc=Y/Y tracks=(none yet) payload=0000000000000000
12:17:50.164 xte=-0.01 speed=0.00 q=4 vt/tc=Y/Y tracks=(none yet) payload=0000000000000000
12:17:51.234 xte=-0.01 speed=0.00 q=4 vt/tc=Y/Y tracks=(none yet) payload=0000000000000000
12:17:52.261 xte=-0.01 speed=0.00 q=4 vt/tc=Y/Y tracks=(none yet) payload=0000000000000000
12:17:53.312 xte=-0.01 speed=0.00 q=4 vt/tc=Y/Y tracks=(none yet) payload=92FF803EFCFFFFFF
12:17:54.361 xte=-0.01 speed=0.00 q=4 vt/tc=Y/Y tracks=(none yet) payload=0000000000000000
12:17:55.391 xte=-0.01 speed=0.01 q=4 vt/tc=Y/Y tracks=(none yet) payload=0000000000000000
12:17:56.454 xte=-0.01 speed=0.01 q=4 vt/tc=Y/Y tracks=(none yet) payload=0000000000000000
12:17:57.482 xte=-0.01 speed=0.00 q=4 vt/tc=Y/Y tracks=(none yet) payload=0000000000000000
12:17:58.503 xte=-0.01 speed=0.00 q=4 vt/tc=Y/Y tracks=(none yet) payload=0000000000000000
12:17:59.526 xte=-0.01 speed=0.00 q=4 vt/tc=Y/Y tracks=(none yet) payload=0000000000000000
12:18:00.534 xte=-0.01 speed=0.00 q=4 vt/tc=Y/Y tracks=(none yet) payload=0000000000000000
12:18:01.554 xte=-0.01 speed=0.00 q=4 vt/tc=Y/Y tracks=(none yet) payload=0000000000000000
12:18:02.615 xte=-0.01 speed=0.00 q=4 vt/tc=Y/Y tracks=(none yet) payload=0000000000000000
12:18:03.657 xte=-0.01 speed=0.00 q=4 vt/tc=Y/Y tracks=(none yet) payload=0000000000000000
12:18:04.728 xte=-0.01 speed=0.00 q=4 vt/tc=Y/Y tracks=(none yet) payload=771510FF7C2E85FF
12:18:05.750 xte=-0.01 speed=0.00 q=4 vt/tc=Y/Y tracks=(none yet) payload=0000000000000000
12:18:06.771 xte=-0.01 speed=0.00 q=4 vt/tc=Y/Y tracks=(none yet) payload=0000000000000000
12:18:07.806 xte=-0.01 speed=0.00 q=4 vt/tc=Y/Y tracks=(none yet) payload=0000000000000000
12:18:08.855 xte=-0.01 speed=0.00 q=4 vt/tc=Y/Y tracks=(none yet) payload=0000000000000000
12:18:09.884 xte=-0.01 speed=0.00 q=4 vt/tc=Y/Y tracks=(none yet) payload=771510FF7C2E85FF
12:18:10.911 xte=-0.01 speed=0.00 q=4 vt/tc=Y/Y tracks=(none yet) payload=0000000000000000
12:18:11.949 xte=-0.01 speed=0.00 q=4 vt/tc=Y/Y tracks=(none yet) payload=0000000000000000
12:18:12.972 xte=-0.01 speed=0.00 q=4 vt/tc=Y/Y tracks=(none yet) payload=0000000000000000
12:18:14.006 xte=-0.01 speed=0.00 q=4 vt/tc=Y/Y tracks=(none yet) payload=0000000000000000
12:18:15.018 xte=-0.01 speed=0.01 q=4 vt/tc=Y/Y tracks=(none yet) payload=0000000000000000
12:18:16.055 xte=-0.01 speed=0.00 q=4 vt/tc=Y/Y tracks=(none yet) payload=0000000000000000
12:18:17.113 xte=-0.01 speed=0.00 q=4 vt/tc=Y/Y tracks=(none yet) payload=0000000000000000
12:18:18.174 xte=-0.01 speed=0.00 q=4 vt/tc=Y/Y tracks=(none yet) payload=0000000000000000
12:18:19.183 xte=-0.01 speed=0.00 q=4 vt/tc=Y/Y tracks=(none yet) payload=0000000000000000
12:18:20.242 xte=-0.01 speed=0.00 q=4 vt/tc=Y/Y tracks=(none yet) payload=0000000000000000
12:18:21.287 xte=-0.01 speed=0.00 q=4 vt/tc=Y/Y tracks=(none yet) payload=0000000000000000
12:18:22.358 xte=-0.01 speed=0.01 q=4 vt/tc=Y/Y tracks=(none yet) payload=0000000000000000
12:18:23.361 xte=-0.01 speed=0.00 q=4 vt/tc=Y/Y tracks=(none yet) payload=0000000000000000
12:18:24.401 xte=-0.01 speed=0.00 q=4 vt/tc=Y/Y tracks=(none yet) payload=0000000000000000
12:18:25.452 xte=-0.01 speed=0.00 q=4 vt/tc=Y/Y tracks=(none yet) payload=0000000000000000
12:18:26.490 xte=-0.01 speed=0.00 q=4 vt/tc=Y/Y tracks=(none yet) payload=0000000000000000
12:18:27.562 xte=-0.01 speed=0.01 q=4 vt/tc=Y/Y tracks=(none yet) payload=0000000000000000
12:18:28.609 xte=-0.01 speed=0.01 q=4 vt/tc=Y/Y tracks=(none yet) payload=0000000000000000
12:18:29.634 xte=-0.01 speed=0.00 q=4 vt/tc=Y/Y tracks=(none yet) payload=0000000000000000
12:18:30.647 xte=-0.01 speed=0.00 q=4 vt/tc=Y/Y tracks=(none yet) payload=0000000000000000
12:18:31.680 xte=-0.01 speed=0.01 q=4 vt/tc=Y/Y tracks=(none yet) payload=0000000000000000
12:18:32.722 xte=-0.01 speed=0.00 q=4 vt/tc=Y/Y tracks=(none yet) payload=0000000000000000
12:18:33.774 xte=-0.01 speed=0.00 q=4 vt/tc=Y/Y tracks=(none yet) payload=0000000000000000
12:18:34.788 xte=-0.01 speed=0.00 q=4 vt/tc=Y/Y tracks=(none yet) payload=0000000000000000
12:18:35.821 xte=-0.01 speed=0.00 q=4 vt/tc=Y/Y tracks=(none yet) payload=0000000000000000
12:18:36.855 xte=-0.01 speed=0.00 q=4 vt/tc=Y/Y tracks=(none yet) payload=0000000000000000
12:18:37.919 xte=-0.01 speed=0.00 q=4 vt/tc=Y/Y tracks=(none yet) payload=0000000000000000
12:18:38.943 xte=-0.01 speed=0.00 q=4 vt/tc=Y/Y tracks=(none yet) payload=0000000000000000
12:18:39.957 xte=-0.01 speed=0.00 q=4 vt/tc=Y/Y tracks=(none yet) payload=0000000000000000
12:18:41.023 xte=-0.01 speed=0.00 q=4 vt/tc=Y/Y tracks=(none yet) payload=0000000000000000
12:18:42.048 xte=-0.01 speed=0.00 q=4 vt/tc=Y/Y tracks=(none yet) payload=0000000000000000
12:18:43.070 xte=-0.01 speed=0.00 q=4 vt/tc=Y/Y tracks=(none yet) payload=0000000000000000
12:18:44.104 xte=-0.01 speed=0.01 q=4 vt/tc=Y/Y tracks=(none yet) payload=0000000000000000
12:18:45.118 xte=-0.01 speed=0.00 q=4 vt/tc=Y/Y tracks=(none yet) payload=0000000000000000
12:18:46.185 xte=-0.01 speed=0.00 q=4 vt/tc=Y/Y tracks=(none yet) payload=0000000000000000
12:18:47.207 xte=-0.01 speed=0.00 q=4 vt/tc=Y/Y tracks=(none yet) payload=0000000000000000
12:18:48.243 xte=-0.01 speed=0.00 q=4 vt/tc=Y/Y tracks=(none yet) payload=0000000000000000
12:18:49.276 xte=-0.01 speed=0.00 q=4 vt/tc=Y/Y tracks=(none yet) payload=0000000000000000
12:18:50.297 xte=-0.01 speed=0.00 q=4 vt/tc=Y/Y tracks=(none yet) payload=0000000000000000
12:18:51.318 xte=-0.01 speed=0.00 q=4 vt/tc=Y/Y tracks=(none yet) payload=0000000000000000
12:18:52.341 xte=-0.01 speed=0.00 q=4 vt/tc=Y/Y tracks=(none yet) payload=0000000000000000
12:18:53.361 xte=-0.01 speed=0.00 q=4 vt/tc=Y/Y tracks=(none yet) payload=0000000000000000
12:18:54.381 xte=-0.01 speed=0.01 q=4 vt/tc=Y/Y tracks=(none yet) payload=0000000000000000
12:18:55.406 xte=-0.01 speed=0.00 q=4 vt/tc=Y/Y tracks=(none yet) payload=0000000000000000
12:18:56.444 xte=-0.01 speed=0.00 q=4 vt/tc=Y/Y tracks=(none yet) payload=0000000000000000
12:18:57.458 xte=-0.01 speed=0.00 q=4 vt/tc=Y/Y tracks=(none yet) payload=0000000000000000
12:18:58.517 xte=-0.01 speed=0.01 q=4 vt/tc=Y/Y tracks=(none yet) payload=0000000000000000
12:18:59.522 xte=-0.01 speed=0.00 q=4 vt/tc=Y/Y tracks=(none yet) payload=0000000000000000
12:19:00.553 xte=-0.01 speed=0.01 q=4 vt/tc=Y/Y tracks=(none yet) payload=0000000000000000
12:19:01.612 xte=-0.01 speed=0.01 q=4 vt/tc=Y/Y tracks=(none yet) payload=0000000000000000
12:19:02.670 xte=-0.01 speed=0.00 q=4 vt/tc=Y/Y tracks=(none yet) payload=0000000000000000
12:19:03.691 xte=-0.01 speed=0.00 q=4 vt/tc=Y/Y tracks=(none yet) payload=771510FF7C2E85FF
12:19:04.742 xte=-0.01 speed=0.01 q=4 vt/tc=Y/Y tracks=(none yet) payload=0000000000000000
12:19:05.799 xte=-0.01 speed=0.01 q=4 vt/tc=Y/Y tracks=(none yet) payload=0000000000000000
12:19:06.819 xte=-0.01 speed=0.01 q=4 vt/tc=Y/Y tracks=(none yet) payload=0000000000000000
12:19:07.835 xte=-0.01 speed=0.01 q=4 vt/tc=Y/Y tracks=(none yet) payload=0000000000000000
12:19:08.869 xte=-0.01 speed=0.00 q=4 vt/tc=Y/Y tracks=(none yet) payload=0000000000000000
12:19:09.893 xte=-0.01 speed=0.00 q=4 vt/tc=Y/Y tracks=(none yet) payload=771510FF7C2E85FF
12:19:10.929 xte=-0.01 speed=0.00 q=4 vt/tc=Y/Y tracks=(none yet) payload=0000000000000000
12:19:11.942 xte=-0.01 speed=0.00 q=4 vt/tc=Y/Y tracks=(none yet) payload=0000000000000000
12:19:12.953 xte=-0.01 speed=0.00 q=4 vt/tc=Y/Y tracks=(none yet) payload=0000000000000000
12:19:13.962 xte=-0.01 speed=0.00 q=4 vt/tc=Y/Y tracks=(none yet) payload=0000000000000000
12:19:14.995 xte=-0.01 speed=0.02 q=4 vt/tc=Y/Y tracks=(none yet) payload=0000000000000000
12:19:16.028 xte=-0.01 speed=0.00 q=4 vt/tc=Y/Y tracks=(none yet) payload=0000000000000000
12:19:17.045 xte=-0.01 speed=0.00 q=4 vt/tc=Y/Y tracks=(none yet) payload=0000000000000000
12:19:18.070 xte=-0.01 speed=0.00 q=4 vt/tc=Y/Y tracks=(none yet) payload=0000000000000000
12:19:19.131 xte=-0.01 speed=0.00 q=4 vt/tc=Y/Y tracks=(none yet) payload=0000000000000000
12:19:20.200 xte=-0.01 speed=0.00 q=4 vt/tc=Y/Y tracks=(none yet) payload=0000000000000000
12:19:21.231 xte=-0.01 speed=0.00 q=4 vt/tc=Y/Y tracks=(none yet) payload=0000000000000000
12:19:22.299 xte=-0.01 speed=0.00 q=4 vt/tc=Y/Y tracks=(none yet) payload=0000000000000000
12:19:23.338 xte=-0.01 speed=0.00 q=4 vt/tc=Y/Y tracks=(none yet) payload=0000000000000000
12:19:24.369 xte=-0.01 speed=0.00 q=4 vt/tc=Y/Y tracks=(none yet) payload=0000000000000000
12:19:25.394 xte=-0.01 speed=0.00 q=4 vt/tc=Y/Y tracks=(none yet) payload=0000000000000000
12:19:26.427 xte=-0.01 speed=0.00 q=4 vt/tc=Y/Y tracks=(none yet) payload=0000000000000000
12:19:27.465 xte=-0.01 speed=0.00 q=4 vt/tc=Y/Y tracks=(none yet) payload=0000000000000000
12:19:28.523 xte=-0.01 speed=0.00 q=4 vt/tc=Y/Y tracks=(none yet) payload=0000000000000000
12:19:29.566 xte=-0.01 speed=0.00 q=4 vt/tc=Y/Y tracks=(none yet) payload=0000000000000000
12:19:30.635 xte=-0.01 speed=0.00 q=4 vt/tc=Y/Y tracks=(none yet) payload=0000000000000000
12:19:31.699 xte=-0.01 speed=0.00 q=4 vt/tc=Y/Y tracks=(none yet) payload=0000000000000000
12:19:32.758 xte=-0.01 speed=0.00 q=4 vt/tc=Y/Y tracks=(none yet) payload=0000000000000000
12:19:33.816 xte=-0.01 speed=0.00 q=4 vt/tc=Y/Y tracks=(none yet) payload=0000000000000000
12:19:34.885 xte=-0.01 speed=0.00 q=4 vt/tc=Y/Y tracks=(none yet) payload=0000000000000000
12:19:35.924 xte=-0.01 speed=0.00 q=4 vt/tc=Y/Y tracks=(none yet) payload=0000000000000000
12:19:36.944 xte=-0.01 speed=0.00 q=4 vt/tc=Y/Y tracks=(none yet) payload=0000000000000000
12:19:37.980 xte=-0.01 speed=0.00 q=4 vt/tc=Y/Y tracks=(none yet) payload=0000000000000000
12:19:38.989 xte=-0.01 speed=0.00 q=4 vt/tc=Y/Y tracks=(none yet) payload=0000000000000000
12:19:40.008 xte=-0.01 speed=0.00 q=4 vt/tc=Y/Y tracks=(none yet) payload=0000000000000000
12:19:41.036 xte=-0.01 speed=0.00 q=4 vt/tc=Y/Y tracks=(none yet) payload=0000000000000000
12:19:42.057 xte=-0.01 speed=0.00 q=4 vt/tc=Y/Y tracks=(none yet) payload=0000000000000000
12:19:43.087 xte=-0.01 speed=0.00 q=4 vt/tc=Y/Y tracks=(none yet) payload=0000000000000000
12:19:44.096 xte=-0.01 speed=0.00 q=4 vt/tc=Y/Y tracks=(none yet) payload=0000000000000000
12:19:45.131 xte=-0.01 speed=0.00 q=4 vt/tc=Y/Y tracks=(none yet) payload=0000000000000000
12:19:46.141 xte=-0.01 speed=0.00 q=4 vt/tc=Y/Y tracks=(none yet) payload=0000000000000000
12:19:47.167 xte=-0.01 speed=0.00 q=4 vt/tc=Y/Y tracks=(none yet) payload=0000000000000000
12:19:48.209 xte=-0.01 speed=0.00 q=4 vt/tc=Y/Y tracks=(none yet) payload=0000000000000000
12:19:49.229 xte=-0.01 speed=0.01 q=4 vt/tc=Y/Y tracks=(none yet) payload=0000000000000000
12:19:50.287 xte=-0.01 speed=0.00 q=4 vt/tc=Y/Y tracks=(none yet) payload=0000000000000000
12:19:51.308 xte=-0.01 speed=0.01 q=4 vt/tc=Y/Y tracks=(none yet) payload=0000000000000000
12:19:52.348 xte=-0.01 speed=0.00 q=4 vt/tc=Y/Y tracks=(none yet) payload=0000000000000000
12:19:53.388 xte=-0.01 speed=0.00 q=4 vt/tc=Y/Y tracks=(none yet) payload=0000000000000000
12:19:54.456 xte=-0.01 speed=0.00 q=4 vt/tc=Y/Y tracks=(none yet) payload=0000000000000000
12:19:55.474 xte=-0.01 speed=0.00 q=4 vt/tc=Y/Y tracks=(none yet) payload=0000000000000000
12:19:56.514 xte=-0.01 speed=0.00 q=4 vt/tc=Y/Y tracks=(none yet) payload=771510FF7C2E85FF
12:19:57.548 xte=0.34 speed=0.71 q=4 vt/tc=Y/Y tracks=(none yet) payload=0000000000000000
12:19:58.562 xte=0.88 speed=1.05 q=4 vt/tc=Y/Y tracks=(none yet) payload=0000000000000000
12:19:59.622 xte=1.40 speed=1.05 q=4 vt/tc=Y/Y tracks=(none yet) payload=0000000000000000
12:20:00.637 xte=-1.09 speed=1.03 q=4 vt/tc=Y/Y tracks=(none yet) payload=0000000000000000
12:20:01.676 xte=-0.57 speed=1.03 q=4 vt/tc=Y/Y tracks=(none yet) payload=0000000000000000
12:20:02.724 xte=0.05 speed=1.07 q=4 vt/tc=Y/Y tracks=(none yet) payload=7715100A7D0585FF
12:20:03.748 xte=0.56 speed=1.04 q=4 vt/tc=Y/Y tracks=(none yet) payload=0000000000000000
12:20:04.788 xte=1.08 speed=1.04 q=4 vt/tc=Y/Y tracks=(none yet) payload=0000000000000000
12:20:05.812 xte=-1.40 speed=1.05 q=4 vt/tc=Y/Y tracks=(none yet) payload=0000000000000000
12:20:06.840 xte=-0.90 speed=1.03 q=4 vt/tc=Y/Y tracks=(none yet) payload=0000000000000000
12:20:07.899 xte=-0.38 speed=1.06 q=4 vt/tc=Y/Y tracks=(none yet) payload=0000000000000000
12:20:08.909 xte=0.20 speed=0.95 q=4 vt/tc=Y/Y tracks=(none yet) payload=0000000000000000
12:20:09.929 xte=0.09 speed=0.35 q=4 vt/tc=Y/Y tracks=(none yet) payload=0000000000000000
12:20:10.958 xte=0.27 speed=0.71 q=4 vt/tc=Y/Y tracks=(none yet) payload=0000000000000000
12:20:11.980 xte=0.64 speed=0.74 q=4 vt/tc=Y/Y tracks=(none yet) payload=0000000000000000
12:20:12.999 xte=1.02 speed=0.75 q=4 vt/tc=Y/Y tracks=(none yet) payload=0000000000000000
12:20:14.013 xte=1.38 speed=0.74 q=4 vt/tc=Y/Y tracks=(none yet) payload=0000000000000000
12:20:15.033 xte=-1.26 speed=0.74 q=4 vt/tc=Y/Y tracks=(none yet) payload=0000000000000000
12:20:16.096 xte=-0.89 speed=0.75 q=4 vt/tc=Y/Y tracks=(none yet) payload=0000000000000000
12:20:17.150 xte=-0.45 speed=0.73 q=4 vt/tc=Y/Y tracks=(none yet) payload=0000000000000000
12:20:18.172 xte=-0.08 speed=0.74 q=4 vt/tc=Y/Y tracks=(none yet) payload=0000000000000000
12:20:19.199 xte=0.29 speed=0.75 q=4 vt/tc=Y/Y tracks=(none yet) payload=0000000000000000
12:20:20.215 xte=0.67 speed=0.76 q=4 vt/tc=Y/Y tracks=(none yet) payload=0000000000000000
12:20:21.256 xte=1.03 speed=0.73 q=4 vt/tc=Y/Y tracks=(none yet) payload=0000000000000000
12:20:22.277 xte=1.25 speed=0.08 q=4 vt/tc=Y/Y tracks=(none yet) payload=0000000000000000
12:20:23.317 xte=1.22 speed=0.04 q=4 vt/tc=Y/Y tracks=(none yet) payload=92FF803EFCFFFFFF
12:20:24.339 xte=1.23 speed=0.04 q=4 vt/tc=Y/Y tracks=(none yet) payload=0000000000000000
12:20:25.364 xte=1.23 speed=0.01 q=4 vt/tc=Y/Y tracks=(none yet) payload=0000000000000000
12:20:26.373 xte=1.23 speed=0.00 q=4 vt/tc=Y/Y tracks=(none yet) payload=0000000000000000
12:20:27.413 xte=1.23 speed=0.00 q=4 vt/tc=Y/Y tracks=(none yet) payload=0000000000000000
12:20:28.440 xte=1.23 speed=0.01 q=4 vt/tc=Y/Y tracks=(none yet) payload=0000000000000000
12:20:29.480 xte=1.23 speed=0.00 q=4 vt/tc=Y/Y tracks=(none yet) payload=0000000000000000
12:20:30.506 xte=1.23 speed=0.00 q=4 vt/tc=Y/Y tracks=(none yet) payload=0000000000000000
12:20:31.573 xte=1.23 speed=0.00 q=4 vt/tc=Y/Y tracks=(none yet) payload=0000000000000000
12:20:32.615 xte=1.23 speed=0.01 q=4 vt/tc=Y/Y tracks=(none yet) payload=0000000000000000
12:20:33.672 xte=1.23 speed=0.00 q=4 vt/tc=Y/Y tracks=(none yet) payload=0000000000000000
12:20:34.681 xte=1.23 speed=0.00 q=4 vt/tc=Y/Y tracks=(none yet) payload=771500F67D0B85FF
12:20:35.687 xte=1.23 speed=0.00 q=4 vt/tc=Y/Y tracks=(none yet) payload=771500F67D0B85FF
12:20:36.729 xte=1.23 speed=0.00 q=4 vt/tc=Y/Y tracks=(none yet) payload=0000000000000000
12:20:37.798 xte=1.23 speed=0.00 q=4 vt/tc=Y/Y tracks=(none yet) payload=0000000000000000
12:20:38.871 xte=1.23 speed=0.00 q=4 vt/tc=Y/Y tracks=(none yet) payload=0000000000000000
12:20:39.900 xte=1.23 speed=0.00 q=4 vt/tc=Y/Y tracks=(none yet) payload=0000000000000000
12:20:40.967 xte=1.23 speed=0.00 q=4 vt/tc=Y/Y tracks=(none yet) payload=0000000000000000
12:20:42.046 xte=1.23 speed=0.00 q=4 vt/tc=Y/Y tracks=(none yet) payload=0000000000000000
12:20:43.054 xte=1.23 speed=0.00 q=4 vt/tc=Y/Y tracks=(none yet) payload=0000000000000000
12:20:44.115 xte=1.23 speed=0.00 q=4 vt/tc=Y/Y tracks=(none yet) payload=0000000000000000
12:20:45.186 xte=1.23 speed=0.01 q=4 vt/tc=Y/Y tracks=(none yet) payload=0000000000000000
12:20:46.201 xte=1.23 speed=0.00 q=4 vt/tc=Y/Y tracks=(none yet) payload=0000000000000000
12:20:47.230 xte=1.23 speed=0.00 q=4 vt/tc=Y/Y tracks=(none yet) payload=0000000000000000
12:20:48.267 xte=1.23 speed=0.00 q=4 vt/tc=Y/Y tracks=(none yet) payload=0000000000000000
12:20:49.300 xte=1.23 speed=0.00 q=4 vt/tc=Y/Y tracks=(none yet) payload=92FF803EFCFFFFFF
12:20:50.353 xte=1.23 speed=0.00 q=4 vt/tc=Y/Y tracks=(none yet) payload=0000000000000000
12:20:51.393 xte=1.23 speed=0.00 q=4 vt/tc=Y/Y tracks=(none yet) payload=0000000000000000
12:20:52.460 xte=1.23 speed=0.00 q=4 vt/tc=Y/Y tracks=(none yet) payload=0000000000000000
12:20:53.462 xte=1.23 speed=0.00 q=4 vt/tc=Y/Y tracks=(none yet) payload=0000000000000000
12:20:54.469 xte=1.23 speed=0.00 q=4 vt/tc=Y/Y tracks=(none yet) payload=0000000000000000
12:20:55.504 xte=1.23 speed=0.00 q=4 vt/tc=Y/Y tracks=(none yet) payload=0000000000000000
12:20:56.511 xte=1.23 speed=0.00 q=4 vt/tc=Y/Y tracks=(none yet) payload=0000000000000000
12:20:57.564 xte=1.23 speed=0.00 q=4 vt/tc=Y/Y tracks=(none yet) payload=0000000000000000
12:20:58.591 xte=1.23 speed=0.00 q=4 vt/tc=Y/Y tracks=(none yet) payload=0000000000000000
12:20:59.621 xte=1.23 speed=0.00 q=4 vt/tc=Y/Y tracks=(none yet) payload=0000000000000000
12:21:00.645 xte=1.23 speed=0.00 q=4 vt/tc=Y/Y tracks=(none yet) payload=0000000000000000
12:21:01.720 xte=1.23 speed=0.01 q=4 vt/tc=Y/Y tracks=(none yet) payload=0000000000000000
12:21:02.780 xte=1.23 speed=0.00 q=4 vt/tc=Y/Y tracks=(none yet) payload=0000000000000000
12:21:03.787 xte=1.23 speed=0.00 q=4 vt/tc=Y/Y tracks=(none yet) payload=0000000000000000
12:21:04.854 xte=1.23 speed=0.00 q=4 vt/tc=Y/Y tracks=(none yet) payload=0000000000000000
12:21:05.862 xte=1.23 speed=0.00 q=4 vt/tc=Y/Y tracks=(none yet) payload=0000000000000000
12:21:06.886 xte=1.23 speed=0.00 q=4 vt/tc=Y/Y tracks=(none yet) payload=771500F67D0B85FF
12:21:07.922 xte=1.23 speed=0.00 q=4 vt/tc=Y/Y tracks=(none yet) payload=0000000000000000
12:21:08.938 xte=1.23 speed=0.00 q=4 vt/tc=Y/Y tracks=(none yet) payload=0000000000000000
12:21:09.970 xte=1.23 speed=0.00 q=4 vt/tc=Y/Y tracks=(none yet) payload=0000000000000000
12:21:11.039 xte=1.23 speed=0.00 q=4 vt/tc=Y/Y tracks=(none yet) payload=0000000000000000
12:21:12.059 xte=1.23 speed=0.00 q=4 vt/tc=Y/Y tracks=(none yet) payload=0000000000000000
12:21:13.135 xte=1.23 speed=0.00 q=4 vt/tc=Y/Y tracks=(none yet) payload=0000000000000000
12:21:14.162 xte=1.23 speed=0.00 q=4 vt/tc=Y/Y tracks=(none yet) payload=0000000000000000
12:21:15.190 xte=1.23 speed=0.00 q=4 vt/tc=Y/Y tracks=(none yet) payload=0000000000000000
12:21:16.221 xte=1.23 speed=0.00 q=4 vt/tc=Y/Y tracks=(none yet) payload=0000000000000000
12:21:17.239 xte=1.23 speed=0.00 q=4 vt/tc=Y/Y tracks=(none yet) payload=0000000000000000
12:21:18.275 xte=1.23 speed=0.00 q=4 vt/tc=Y/Y tracks=(none yet) payload=0000000000000000
12:21:19.287 xte=1.23 speed=0.00 q=4 vt/tc=Y/Y tracks=(none yet) payload=0000000000000000
12:21:20.309 xte=1.23 speed=0.00 q=4 vt/tc=Y/Y tracks=(none yet) payload=0000000000000000
12:21:21.337 xte=1.23 speed=0.00 q=4 vt/tc=Y/Y tracks=(none yet) payload=0000000000000000
12:21:22.346 xte=1.23 speed=0.00 q=4 vt/tc=Y/Y tracks=(none yet) payload=0000000000000000
12:21:23.415 xte=1.23 speed=0.00 q=4 vt/tc=Y/Y tracks=(none yet) payload=0000000000000000
12:21:24.453 xte=1.23 speed=0.00 q=4 vt/tc=Y/Y tracks=(none yet) payload=0000000000000000
12:21:25.478 xte=1.23 speed=0.01 q=4 vt/tc=Y/Y tracks=(none yet) payload=0000000000000000
12:21:26.506 xte=1.23 speed=0.00 q=4 vt/tc=Y/Y tracks=(none yet) payload=0000000000000000
12:21:27.517 xte=1.23 speed=0.00 q=4 vt/tc=Y/Y tracks=(none yet) payload=0000000000000000
12:21:28.552 xte=1.23 speed=0.00 q=4 vt/tc=Y/Y tracks=(none yet) payload=0000000000000000
12:21:29.566 xte=1.23 speed=0.00 q=4 vt/tc=Y/Y tracks=(none yet) payload=0000000000000000
12:21:30.586 xte=1.23 speed=0.00 q=4 vt/tc=Y/Y tracks=(none yet) payload=0000000000000000
12:21:31.587 xte=1.23 speed=0.01 q=4 vt/tc=Y/Y tracks=(none yet) payload=0000000000000000
12:21:32.645 xte=1.23 speed=0.00 q=4 vt/tc=Y/Y tracks=(none yet) payload=0000000000000000
12:21:33.706 xte=1.23 speed=0.00 q=4 vt/tc=Y/Y tracks=(none yet) payload=0000000000000000
